---
source: tests/snapshot.rs
expression: rust
---
#![feature(c_variadic)]
#![allow(dead_code, unused, non_camel_case_types, non_snake_case, non_upper_case_globals, arithmetic_overflow, suspicious_runtime_symbol_definitions, unpredictable_function_pointer_comparisons, unused_comparisons)]

unsafe extern "C" {
    fn malloc(_0: usize) -> *mut core::ffi::c_void;
    fn calloc(_0: usize, _1: usize) -> *mut core::ffi::c_void;
    fn printf(_0: *const i8, ...) -> i32;
    fn free(_0: *mut core::ffi::c_void);
}

fn allocate(arg3: u64, arg4: u64) -> *mut core::ffi::c_void {
    let mut size: u64 = 0;
    let mut alignment: u64 = 0;
    let mut __retval: *mut core::ffi::c_void = std::ptr::null_mut();
    size = arg3;
    alignment = arg4;
    let _v0: u64 = alignment;
    let _v1: u64 = size;
    let _v2: *mut core::ffi::c_void = unsafe { malloc(_v1 as usize) };
    __retval = _v2;
    let _v3: *mut core::ffi::c_void = __retval;
    return _v3;
}

fn allocate_array(arg1: u64, arg2: u64) -> *mut core::ffi::c_void {
    let mut count: u64 = 0;
    let mut size: u64 = 0;
    let mut __retval: *mut core::ffi::c_void = std::ptr::null_mut();
    count = arg1;
    size = arg2;
    let _v0: u64 = count;
    let _v1: u64 = size;
    let _v2: *mut core::ffi::c_void = unsafe { calloc(_v0 as usize, _v1 as usize) };
    __retval = _v2;
    let _v3: *mut core::ffi::c_void = __retval;
    return _v3;
}

fn offset_aligned(arg0: *mut core::ffi::c_void) -> *mut core::ffi::c_void {
    let mut pointer: *mut core::ffi::c_void = std::ptr::null_mut();
    let mut __retval: *mut core::ffi::c_void = std::ptr::null_mut();
    pointer = arg0;
    let _v0: *mut core::ffi::c_void = pointer;
    let _v1: *mut i8 = _v0 as *mut i8;
    let _v2: i32 = 4;
    let _v3: *mut i8 = unsafe { _v1.add(4) };
    let _v4: *mut core::ffi::c_void = _v3 as *mut core::ffi::c_void;
    __retval = _v4;
    let _v5: *mut core::ffi::c_void = __retval;
    return _v5;
}

fn main() {
    let mut __retval: i32 = 0;
    let mut values: *mut i32 = std::ptr::null_mut();
    let mut zeroed: *mut i32 = std::ptr::null_mut();
    let mut second: *mut i32 = std::ptr::null_mut();
    let _v0: i32 = 0;
    __retval = _v0;
    let _v1: u64 = 3;
    let _v2: u64 = 4;
    let _v3: u64 = _v1 * _v2;
    let _v4: u64 = 4;
    let _v5: *mut core::ffi::c_void = allocate(_v3, _v4);
    let _v6: *mut i32 = _v5 as *mut i32;
    values = _v6;
    let _v7: u64 = 2;
    let _v8: u64 = 4;
    let _v9: *mut core::ffi::c_void = allocate_array(_v7, _v8);
    let _v10: *mut i32 = _v9 as *mut i32;
    zeroed = _v10;
    let _v11: i32 = 7;
    let _v12: i64 = 0;
    let _v13: *mut i32 = values;
    let _v14: *mut i32 = unsafe { _v13.add(0) };
    unsafe {
        *_v14 = _v11;
    }
    let _v15: i32 = 9;
    let _v16: i64 = 1;
    let _v17: *mut i32 = values;
    let _v18: *mut i32 = unsafe { _v17.add(1) };
    unsafe {
        *_v18 = _v15;
    }
    let _v19: *mut i32 = values;
    let _v20: *mut core::ffi::c_void = _v19 as *mut core::ffi::c_void;
    let _v21: *mut core::ffi::c_void = offset_aligned(_v20 as *mut core::ffi::c_void);
    let _v22: *mut i32 = _v21 as *mut i32;
    second = _v22;
    let _v23: *mut i8 = b"%d %d %d\n\0".as_ptr() as *mut i8;
    let _v24: i64 = 0;
    let _v25: *mut i32 = values;
    let _v26: *mut i32 = unsafe { _v25.add(0) };
    let _v27: i32 = unsafe { *_v26 };
    let _v28: *mut i32 = second;
    let _v29: i32 = unsafe { *_v28 };
    let _v30: i64 = 1;
    let _v31: *mut i32 = zeroed;
    let _v32: *mut i32 = unsafe { _v31.add(1) };
    let _v33: i32 = unsafe { *_v32 };
    let _v34: i32 = unsafe { printf(_v23 as *const i8, _v27, _v29, _v33) };
    let _v35: *mut i32 = zeroed;
    let _v36: *mut core::ffi::c_void = _v35 as *mut core::ffi::c_void;
    unsafe { free(_v36 as *mut core::ffi::c_void) };
    let _v37: *mut i32 = values;
    let _v38: *mut core::ffi::c_void = _v37 as *mut core::ffi::c_void;
    unsafe { free(_v38 as *mut core::ffi::c_void) };
    let _v39: i32 = 0;
    __retval = _v39;
    let _v40: i32 = __retval;
    std::process::exit(_v40 as i32);
}
