---
source: tests/snapshot.rs
expression: rust
---
#![feature(c_variadic)]
#![allow(dead_code, unused, non_camel_case_types, non_snake_case, non_upper_case_globals, arithmetic_overflow, suspicious_runtime_symbol_definitions, unpredictable_function_pointer_comparisons, unused_comparisons)]

#[repr(C)]
#[derive(Clone, Copy)]
struct Point {
    x: i32,
    y: i32,
}


unsafe extern "C" {
    fn printf(_0: *const i8, ...) -> i32;
}

fn main() {
    let mut __retval: i32 = 0;
    let mut ps: aligned::Aligned<aligned::A16, [Point; 2]> = aligned::Aligned([Point { x: 0, y: 0 }; 2]);
    let mut init: aligned::Aligned<aligned::A16, [Point; 2]> = aligned::Aligned([Point { x: 0, y: 0 }; 2]);
    let _v0: i32 = 0;
    __retval = _v0;
    let _v1: i32 = 1;
    let _v2: i64 = 0;
    ps[(_v2 as usize)].x = _v1;
    let _v3: i32 = 2;
    let _v4: i64 = 0;
    ps[(_v4 as usize)].y = _v3;
    let _v5: i32 = 3;
    let _v6: i64 = 1;
    ps[(_v6 as usize)].x = _v5;
    let _v7: i32 = 4;
    let _v8: i64 = 1;
    ps[(_v8 as usize)].y = _v7;
    let _v9: *mut i8 = b"%d\n\0".as_ptr() as *mut i8;
    let _v10: i64 = 0;
    let _v11: i32 = ps[(_v10 as usize)].x;
    let _v12: i64 = 1;
    let _v13: i32 = ps[(_v12 as usize)].y;
    let _v14: i32 = _v11 + _v13;
    let _v15: i32 = unsafe { printf(_v9 as *const i8, _v14) };
    *init = [Point { x: 10, y: 20 }, Point { x: 30, y: 40 }];
    let _v16: *mut i8 = b"%d\n\0".as_ptr() as *mut i8;
    let _v17: i64 = 0;
    let _v18: i32 = init[(_v17 as usize)].y;
    let _v19: i64 = 1;
    let _v20: i32 = init[(_v19 as usize)].x;
    let _v21: i32 = _v18 + _v20;
    let _v22: i32 = unsafe { printf(_v16 as *const i8, _v21) };
    let _v23: i32 = 0;
    __retval = _v23;
    let _v24: i32 = __retval;
    std::process::exit(_v24 as i32);
}
