---
source: tests/snapshot.rs
expression: rust
---
#![feature(c_variadic)]
#![allow(dead_code, unused, non_camel_case_types, non_snake_case, non_upper_case_globals, arithmetic_overflow, suspicious_runtime_symbol_definitions, unpredictable_function_pointer_comparisons, unused_comparisons)]

unsafe extern "C" {
    fn printf(_0: *const i8, ...) -> i32;
}

fn main() {
    let mut __retval: i32 = 0;
    let mut a: aligned::Aligned<aligned::A16, [i32; 5]> = aligned::Aligned([0; 5]);
    let mut partial: aligned::Aligned<aligned::A16, [i32; 4]> = aligned::Aligned([0; 4]);
    let mut s: [i8; 6] = [0; 6];
    let mut padded: [i8; 8] = [0; 8];
    let mut sum: i32 = 0;
    let _v0: i32 = 0;
    __retval = _v0;
    *a = [1, 2, 3, 4, 5];
    *partial = [7, 8, 0, 0];
    s = [104, 101, 108, 108, 111, 0];
    padded = [104, 105, 0, 0, 0, 0, 0, 0];
    let _v1: i32 = 0;
    sum = _v1;
    {
        let mut i: i32 = 0;
        let _v2: i32 = 0;
        i = _v2;
        loop {
            let _v3: i32 = i;
            let _v4: i32 = 5;
            let _v5: bool = _v3 < _v4;
            if !_v5 {
                break;
            }
            {
                let _v6: i32 = i;
                let _v7: i64 = _v6 as i64;
                let _v8: i32 = a[(_v7 as usize)];
                let _v9: i32 = sum;
                let _v10: i32 = _v9 + _v8;
                sum = _v10;
            }
            let _v11: i32 = i;
            let _v12: i32 = _v11 + 1;
            i = _v12;
        }
    }
    let _v13: *mut i8 = b"%d\n\0".as_ptr() as *mut i8;
    let _v14: i32 = sum;
    let _v15: i32 = unsafe { printf(_v13 as *const i8, _v14) };
    let _v16: *mut i8 = b"%d %d\n\0".as_ptr() as *mut i8;
    let _v17: i64 = 1;
    let _v18: i32 = partial[(_v17 as usize)];
    let _v19: i64 = 3;
    let _v20: i32 = partial[(_v19 as usize)];
    let _v21: i32 = unsafe { printf(_v16 as *const i8, _v18, _v20) };
    let _v22: *mut i8 = b"%s\n\0".as_ptr() as *mut i8;
    let _v23: *mut i8 = s.as_mut_ptr() as *mut i8;
    let _v24: i32 = unsafe { printf(_v22 as *const i8, _v23) };
    let _v25: *mut i8 = b"%s %d\n\0".as_ptr() as *mut i8;
    let _v26: *mut i8 = padded.as_mut_ptr() as *mut i8;
    let _v27: i64 = 4;
    let _v28: i8 = padded[(_v27 as usize)];
    let _v29: i32 = _v28 as i32;
    let _v30: i32 = unsafe { printf(_v25 as *const i8, _v26, _v29) };
    let _v31: i32 = 0;
    __retval = _v31;
    let _v32: i32 = __retval;
    std::process::exit(_v32 as i32);
}
