---
source: tests/snapshot.rs
expression: rust
---
#![feature(c_variadic)]
#![allow(dead_code, unused, non_camel_case_types, non_snake_case, non_upper_case_globals, arithmetic_overflow, suspicious_runtime_symbol_definitions, unpredictable_function_pointer_comparisons, unused_comparisons)]

unsafe extern "C" {
    fn printf(_0: *const i8, ...) -> i32;
}

fn main() {
    let mut __retval: i32 = 0;
    let mut flag: bool = false;
    let mut first: i32 = 0;
    let mut second: i32 = 0;
    let _v0: i32 = 0;
    __retval = _v0;
    let _v1: bool = false;
    flag = _v1;
    let _v2: *mut i8 = std::ptr::addr_of_mut!(flag) as *mut i8;
    let _v3: bool = (unsafe { std::sync::atomic::AtomicI8::from_ptr(_v2).swap(1, std::sync::atomic::Ordering::SeqCst) }) != 0;
    let _v4: i32 = _v3 as i32;
    first = _v4;
    let _v5: *mut i8 = std::ptr::addr_of_mut!(flag) as *mut i8;
    let _v6: bool = (unsafe { std::sync::atomic::AtomicI8::from_ptr(_v5).swap(1, std::sync::atomic::Ordering::SeqCst) }) != 0;
    let _v7: i32 = _v6 as i32;
    second = _v7;
    let _v8: *mut i8 = std::ptr::addr_of_mut!(flag) as *mut i8;
    unsafe { std::sync::atomic::AtomicI8::from_ptr(_v8).store(0, std::sync::atomic::Ordering::SeqCst) };
    let _v9: *mut i8 = b"%d %d %d\n\0".as_ptr() as *mut i8;
    let _v10: i32 = first;
    let _v11: i32 = second;
    let _v12: bool = flag;
    let _v13: bool = !_v12;
    let _v14: i32 = _v13 as i32;
    let _v15: i32 = unsafe { printf(_v9 as *const i8, _v10, _v11, _v14) };
    let _v16: i32 = 0;
    __retval = _v16;
    let _v17: i32 = __retval;
    std::process::exit(_v17 as i32);
}
