---
source: tests/snapshot.rs
expression: rust
---
#![feature(c_variadic)]
#![allow(dead_code, unused, non_camel_case_types, non_snake_case, non_upper_case_globals, arithmetic_overflow, suspicious_runtime_symbol_definitions, unpredictable_function_pointer_comparisons, unused_comparisons)]

#[repr(C, align(16))]
#[derive(Clone, Copy)]
struct LongDouble([u8; 10]);

impl core::ops::Add for LongDouble {
    type Output = LongDouble;
    fn add(self, o: LongDouble) -> LongDouble { __slate_f80_add(self, o) }
}

impl core::ops::Sub for LongDouble {
    type Output = LongDouble;
    fn sub(self, o: LongDouble) -> LongDouble { __slate_f80_sub(self, o) }
}

impl core::ops::Mul for LongDouble {
    type Output = LongDouble;
    fn mul(self, o: LongDouble) -> LongDouble { __slate_f80_mul(self, o) }
}

impl core::ops::Div for LongDouble {
    type Output = LongDouble;
    fn div(self, o: LongDouble) -> LongDouble { __slate_f80_div(self, o) }
}

impl core::ops::AddAssign for LongDouble {
    fn add_assign(&mut self, o: LongDouble) { {
    *self = __slate_f80_add(*self, o);
} }
}

impl core::ops::SubAssign for LongDouble {
    fn sub_assign(&mut self, o: LongDouble) { {
    *self = __slate_f80_sub(*self, o);
} }
}

impl core::ops::MulAssign for LongDouble {
    fn mul_assign(&mut self, o: LongDouble) { {
    *self = __slate_f80_mul(*self, o);
} }
}

impl core::ops::DivAssign for LongDouble {
    fn div_assign(&mut self, o: LongDouble) { {
    *self = __slate_f80_div(*self, o);
} }
}

impl core::ops::Neg for LongDouble {
    type Output = LongDouble;
    fn neg(self) -> LongDouble { __slate_f80_neg(self) }
}

impl core::cmp::PartialEq for LongDouble {
    fn eq(&self, other: &LongDouble) -> bool { __slate_f80_eq(*self, *other) }
}

impl core::cmp::PartialOrd for LongDouble {
    fn partial_cmp(&self, other: &LongDouble) -> Option<std::cmp::Ordering> { if __slate_f80_lt(*self, *other) { Some(std::cmp::Ordering::Less) } else { if __slate_f80_gt(*self, *other) { Some(std::cmp::Ordering::Greater) } else { if __slate_f80_eq(*self, *other) { Some(std::cmp::Ordering::Equal) } else { None } } } }
}

unsafe extern "C" {
    fn printf(_0: *const i8, ...) -> i32;
    fn abort() -> !;
    fn sqrtl(_0: LongDouble) -> LongDouble;
    fn cbrtl(_0: LongDouble) -> LongDouble;
    fn sinl(_0: LongDouble) -> LongDouble;
    fn cosl(_0: LongDouble) -> LongDouble;
    fn tanl(_0: LongDouble) -> LongDouble;
    fn asinl(_0: LongDouble) -> LongDouble;
    fn acosl(_0: LongDouble) -> LongDouble;
    fn atanl(_0: LongDouble) -> LongDouble;
    fn atan2l(_0: LongDouble, _1: LongDouble) -> LongDouble;
    fn sinhl(_0: LongDouble) -> LongDouble;
    fn coshl(_0: LongDouble) -> LongDouble;
    fn tanhl(_0: LongDouble) -> LongDouble;
    fn expl(_0: LongDouble) -> LongDouble;
    fn exp2l(_0: LongDouble) -> LongDouble;
    fn logl(_0: LongDouble) -> LongDouble;
    fn log2l(_0: LongDouble) -> LongDouble;
    fn log10l(_0: LongDouble) -> LongDouble;
    fn powl(_0: LongDouble, _1: LongDouble) -> LongDouble;
    fn fmodl(_0: LongDouble, _1: LongDouble) -> LongDouble;
    fn hypotl(_0: LongDouble, _1: LongDouble) -> LongDouble;
    fn ldexpl(_0: LongDouble, _1: i32) -> LongDouble;
    fn frexpl(_0: LongDouble, _1: *mut i32) -> LongDouble;
    fn nanl(_0: *const i8) -> LongDouble;
    fn remainderl(_0: LongDouble, _1: LongDouble) -> LongDouble;
    fn remquol(_0: LongDouble, _1: LongDouble, _2: *mut i32) -> LongDouble;
    fn scalbnl(_0: LongDouble, _1: i32) -> LongDouble;
    fn scalblnl(_0: LongDouble, _1: i64) -> LongDouble;
    fn nextafterl(_0: LongDouble, _1: LongDouble) -> LongDouble;
    fn nexttowardl(_0: LongDouble, _1: LongDouble) -> LongDouble;
    fn fdiml(_0: LongDouble, _1: LongDouble) -> LongDouble;
    fn lrintl(_0: LongDouble) -> i64;
    fn llrintl(_0: LongDouble) -> i64;
    fn lroundl(_0: LongDouble) -> i64;
    fn llroundl(_0: LongDouble) -> i64;
    fn ilogbl(_0: LongDouble) -> i32;
    fn logbl(_0: LongDouble) -> LongDouble;
    fn erfl(_0: LongDouble) -> LongDouble;
    fn erfcl(_0: LongDouble) -> LongDouble;
    fn tgammal(_0: LongDouble) -> LongDouble;
    fn lgammal(_0: LongDouble) -> LongDouble;
    fn canonicalizel(_0: *mut LongDouble, _1: *const LongDouble) -> i32;
}

fn truncate_long_double(arg4: LongDouble) -> i32 {
    let mut value: LongDouble = LongDouble([0; 10]);
    let mut __retval: i32 = 0;
    value = arg4;
    let _v0: LongDouble = value;
    let _v1: i32 = __slate_f80_to_i32(_v0);
    __retval = _v1;
    let _v2: i32 = __retval;
    return _v2;
}

fn mix_long_double(arg2: LongDouble, arg3: LongDouble) -> LongDouble {
    let mut a: LongDouble = LongDouble([0; 10]);
    let mut b: LongDouble = LongDouble([0; 10]);
    let mut __retval: LongDouble = LongDouble([0; 10]);
    let mut c: LongDouble = LongDouble([0; 10]);
    a = arg2;
    b = arg3;
    let _v0: LongDouble = a;
    let _v1: LongDouble = b;
    let _v2: LongDouble = _v0 + _v1;
    let _v3: LongDouble = LongDouble([0, 0, 0, 0, 0, 0, 0, 128, 0, 64]);
    let _v4: LongDouble = _v2 / _v3;
    c = _v4;
    let _v5: LongDouble = c;
    let _v6: LongDouble = LongDouble([0, 0, 0, 0, 0, 0, 0, 192, 0, 64]);
    let _v7: LongDouble = _v5 * _v6;
    __retval = _v7;
    let _v8: LongDouble = __retval;
    return _v8;
}

fn check_int_casts() {
    let mut i8: i8 = 0;
    let mut u8: u8 = 0;
    let mut i16: i16 = 0;
    let mut u16: u16 = 0;
    let mut i32: i32 = 0;
    let mut u32: u32 = 0;
    let mut i64: i64 = 0;
    let mut u64: u64 = 0;
    let _v0: LongDouble = LongDouble([0, 0, 0, 0, 0, 0, 0, 200, 5, 192]);
    let _v1: i8 = __slate_f80_to_i8(_v0);
    i8 = _v1;
    {
        let _v2: i8 = i8;
        let _v3: LongDouble = __slate_f80_from_i8(_v2);
        let _v4: LongDouble = LongDouble([0, 0, 0, 0, 0, 0, 0, 200, 5, 192]);
        let _v5: bool = _v3 != _v4;
        if _v5 {
            unsafe { abort() };
        }
    }
    let _v6: LongDouble = LongDouble([0, 0, 0, 0, 0, 0, 0, 200, 6, 64]);
    let _v7: u8 = __slate_f80_to_u8(_v6);
    u8 = _v7;
    {
        let _v8: u8 = u8;
        let _v9: LongDouble = __slate_f80_from_u8(_v8);
        let _v10: LongDouble = LongDouble([0, 0, 0, 0, 0, 0, 0, 200, 6, 64]);
        let _v11: bool = _v9 != _v10;
        if _v11 {
            unsafe { abort() };
        }
    }
    let _v12: LongDouble = LongDouble([0, 0, 0, 0, 0, 0, 228, 192, 12, 192]);
    let _v13: i16 = __slate_f80_to_i16(_v12);
    i16 = _v13;
    {
        let _v14: i16 = i16;
        let _v15: LongDouble = __slate_f80_from_i16(_v14);
        let _v16: LongDouble = LongDouble([0, 0, 0, 0, 0, 0, 228, 192, 12, 192]);
        let _v17: bool = _v15 != _v16;
        if _v17 {
            unsafe { abort() };
        }
    }
    let _v18: LongDouble = LongDouble([0, 0, 0, 0, 0, 0, 49, 212, 14, 64]);
    let _v19: u16 = __slate_f80_to_u16(_v18);
    u16 = _v19;
    {
        let _v20: u16 = u16;
        let _v21: LongDouble = __slate_f80_from_u16(_v20);
        let _v22: LongDouble = LongDouble([0, 0, 0, 0, 0, 0, 49, 212, 14, 64]);
        let _v23: bool = _v21 != _v22;
        if _v23 {
            unsafe { abort() };
        }
    }
    let _v24: LongDouble = LongDouble([0, 0, 0, 0, 164, 5, 44, 147, 29, 192]);
    let _v25: i32 = __slate_f80_to_i32(_v24);
    i32 = _v25;
    {
        let _v26: i32 = i32;
        let _v27: LongDouble = __slate_f80_from_i32(_v26);
        let _v28: LongDouble = LongDouble([0, 0, 0, 0, 164, 5, 44, 147, 29, 192]);
        let _v29: bool = _v27 != _v28;
        if _v29 {
            unsafe { abort() };
        }
    }
    let _v30: LongDouble = LongDouble([0, 0, 0, 0, 20, 106, 10, 206, 30, 64]);
    let _v31: u32 = __slate_f80_to_u32(_v30);
    u32 = _v31;
    {
        let _v32: u32 = u32;
        let _v33: LongDouble = __slate_f80_from_u32(_v32);
        let _v34: LongDouble = LongDouble([0, 0, 0, 0, 20, 106, 10, 206, 30, 64]);
        let _v35: bool = _v33 != _v34;
        if _v35 {
            unsafe { abort() };
        }
    }
    let _v36: i64 = -123456789012345i64;
    i64 = _v36;
    {
        let _v37: i64 = i64;
        let _v38: LongDouble = __slate_f80_from_i64(_v37);
        let _v39: LongDouble = LongDouble([0, 0, 242, 190, 27, 12, 145, 224, 45, 192]);
        let _v40: bool = _v38 != _v39;
        if _v40 {
            unsafe { abort() };
        }
    }
    let _v41: LongDouble = LongDouble([210, 10, 31, 235, 140, 169, 84, 171, 62, 64]);
    let _v42: u64 = __slate_f80_to_u64(_v41);
    u64 = _v42;
    {
        let _v43: u64 = u64;
        let _v44: LongDouble = __slate_f80_from_u64(_v43);
        let _v45: LongDouble = LongDouble([210, 10, 31, 235, 140, 169, 84, 171, 62, 64]);
        let _v46: bool = _v44 != _v45;
        if _v46 {
            unsafe { abort() };
        }
    }
    let _v47: *mut i8 = b"i8=%d u8=%u i16=%d u16=%u i32=%d u32=%u i64=%lld u64=%llu\n\0".as_ptr() as *mut i8;
    let _v48: i8 = i8;
    let _v49: i32 = _v48 as i32;
    let _v50: u8 = u8;
    let _v51: i32 = _v50 as i32;
    let _v52: i16 = i16;
    let _v53: i32 = _v52 as i32;
    let _v54: u16 = u16;
    let _v55: i32 = _v54 as i32;
    let _v56: i32 = i32;
    let _v57: u32 = u32;
    let _v58: i64 = i64;
    let _v59: u64 = u64;
    let _v60: i32 = unsafe { printf(_v47 as *const i8, _v49, _v51, _v53, _v55, _v56, _v57, _v58, _v59) };
    return;
}

fn check_i128_casts() {
    let mut i128: i128 = 0;
    let mut u128: u128 = 0;
    let _v0: LongDouble = LongDouble([254, 255, 255, 255, 255, 255, 255, 255, 61, 192]);
    let _v1: i128 = __slate_f80_to_i128(_v0);
    i128 = _v1;
    {
        let _v2: i128 = i128;
        let _v3: LongDouble = __slate_f80_from_i128(_v2);
        let _v4: LongDouble = LongDouble([254, 255, 255, 255, 255, 255, 255, 255, 61, 192]);
        let _v5: bool = _v3 != _v4;
        if _v5 {
            unsafe { abort() };
        }
    }
    let _v6: LongDouble = LongDouble([255, 255, 255, 255, 255, 255, 255, 255, 62, 64]);
    let _v7: u128 = __slate_f80_to_u128(_v6);
    u128 = _v7;
    {
        let _v8: u128 = u128;
        let _v9: LongDouble = __slate_f80_from_u128(_v8);
        let _v10: LongDouble = LongDouble([255, 255, 255, 255, 255, 255, 255, 255, 62, 64]);
        let _v11: bool = _v9 != _v10;
        if _v11 {
            unsafe { abort() };
        }
    }
    let _v12: *mut i8 = b"i128=%lld u128_hi=%llu u128_lo=%llu\n\0".as_ptr() as *mut i8;
    let _v13: i128 = i128;
    let _v14: i64 = _v13 as i64;
    let _v15: u128 = u128;
    let _v16: i32 = 64;
    let _v17: u128 = _v15 >> _v16;
    let _v18: u64 = _v17 as u64;
    let _v19: u128 = u128;
    let _v20: u128 = 18446744073709551615u128;
    let _v21: u128 = _v19 & _v20;
    let _v22: u64 = _v21 as u64;
    let _v23: i32 = unsafe { printf(_v12 as *const i8, _v14, _v18, _v22) };
    return;
}

fn check_bitint_casts() {
    let mut b9: aligned::Aligned<aligned::A2, bitint::BInt<9, 1, 2>> = aligned::Aligned(bitint::BInt::<9, 1, 2>::ZERO);
    let mut ub9: aligned::Aligned<aligned::A2, bitint::BUint<9, 1, 2>> = aligned::Aligned(bitint::BUint::<9, 1, 2>::ZERO);
    let mut b40: aligned::Aligned<aligned::A8, bitint::BInt<40, 1, 8>> = aligned::Aligned(bitint::BInt::<40, 1, 8>::ZERO);
    let mut ub40: aligned::Aligned<aligned::A8, bitint::BUint<40, 1, 8>> = aligned::Aligned(bitint::BUint::<40, 1, 8>::ZERO);
    let mut b101: aligned::Aligned<aligned::A8, bitint::BInt<101, 2, 16>> = aligned::Aligned(bitint::BInt::<101, 2, 16>::ZERO);
    let mut ub150: aligned::Aligned<aligned::A8, bitint::BUint<150, 3, 24>> = aligned::Aligned(bitint::BUint::<150, 3, 24>::ZERO);
    let mut b256: aligned::Aligned<aligned::A8, bitint::BInt<256, 4, 32>> = aligned::Aligned(bitint::BInt::<256, 4, 32>::ZERO);
    let mut ub300: aligned::Aligned<aligned::A8, bitint::BUint<300, 5, 40>> = aligned::Aligned(bitint::BUint::<300, 5, 40>::ZERO);
    let mut b129: aligned::Aligned<aligned::A8, bitint::BInt<129, 3, 24>> = aligned::Aligned(bitint::BInt::<129, 3, 24>::ZERO);
    let _v0: LongDouble = LongDouble([0, 0, 0, 0, 0, 0, 0, 200, 5, 192]);
    todo!("long double cast");
    *b9 = _63;
    {
        let _v1: bitint::BInt<9, 1, 2> = *b9;
        todo!("long double cast");
        let _v2: LongDouble = LongDouble([0, 0, 0, 0, 0, 0, 0, 200, 5, 192]);
        let _v3: bool = _58 != _v2;
        if _v3 {
            unsafe { abort() };
        }
    }
    let _v4: LongDouble = LongDouble([0, 0, 0, 0, 0, 0, 0, 200, 6, 64]);
    todo!("long double cast");
    *ub9 = _65;
    {
        let _v5: bitint::BUint<9, 1, 2> = *ub9;
        todo!("long double cast");
        let _v6: LongDouble = LongDouble([0, 0, 0, 0, 0, 0, 0, 200, 6, 64]);
        let _v7: bool = _53 != _v6;
        if _v7 {
            unsafe { abort() };
        }
    }
    let _v8: LongDouble = LongDouble([0, 0, 0, 0, 160, 162, 121, 235, 25, 192]);
    todo!("long double cast");
    *b40 = _67;
    {
        let _v9: bitint::BInt<40, 1, 8> = *b40;
        todo!("long double cast");
        let _v10: LongDouble = LongDouble([0, 0, 0, 0, 160, 162, 121, 235, 25, 192]);
        let _v11: bool = _48 != _v10;
        if _v11 {
            unsafe { abort() };
        }
    }
    let _v12: LongDouble = LongDouble([0, 0, 0, 0, 196, 162, 121, 235, 28, 64]);
    todo!("long double cast");
    *ub40 = _69;
    {
        let _v13: bitint::BUint<40, 1, 8> = *ub40;
        todo!("long double cast");
        let _v14: LongDouble = LongDouble([0, 0, 0, 0, 196, 162, 121, 235, 28, 64]);
        let _v15: bool = _43 != _v14;
        if _v15 {
            unsafe { abort() };
        }
    }
    let _v16: LongDouble = LongDouble([0, 0, 242, 190, 27, 12, 145, 224, 45, 192]);
    todo!("long double cast");
    *b101 = _71;
    {
        let _v17: bitint::BInt<101, 2, 16> = *b101;
        todo!("long double cast");
        let _v18: LongDouble = LongDouble([0, 0, 242, 190, 27, 12, 145, 224, 45, 192]);
        let _v19: bool = _38 != _v18;
        if _v19 {
            unsafe { abort() };
        }
    }
    {
        let _v20: bitint::BInt<101, 2, 16> = *b101;
        todo!("long double cast");
        todo!("long double cast");
        let _v21: bitint::BInt<101, 2, 16> = *b101;
        let _v22: bool = _33 != _v21;
        if _v22 {
            unsafe { abort() };
        }
    }
    let _v23: LongDouble = LongDouble([0, 64, 3, 20, 62, 12, 145, 224, 48, 64]);
    todo!("long double cast");
    *ub150 = _73;
    {
        let _v24: bitint::BUint<150, 3, 24> = *ub150;
        todo!("long double cast");
        let _v25: LongDouble = LongDouble([0, 64, 3, 20, 62, 12, 145, 224, 48, 64]);
        let _v26: bool = _27 != _v25;
        if _v26 {
            unsafe { abort() };
        }
    }
    {
        let _v27: bitint::BUint<150, 3, 24> = *ub150;
        todo!("long double cast");
        todo!("long double cast");
        let _v28: bitint::BUint<150, 3, 24> = *ub150;
        let _v29: bool = _22 != _v28;
        if _v29 {
            unsafe { abort() };
        }
    }
    let _v30: LongDouble = LongDouble([0, 0, 0, 192, 255, 248, 2, 149, 32, 64]);
    todo!("long double cast");
    *b256 = _75;
    {
        let _v31: bitint::BInt<256, 4, 32> = *b256;
        let _v32: bitint::BInt<256, 4, 32> = bitint::BInt::<256, 4, 32>::from_decimal_str("9999999999");
        let _v33: bool = _v31 != _v32;
        if _v33 {
            unsafe { abort() };
        }
    }
    {
        let _v34: bitint::BInt<256, 4, 32> = *b256;
        todo!("long double cast");
        let _v35: LongDouble = LongDouble([0, 0, 0, 192, 255, 248, 2, 149, 32, 64]);
        let _v36: bool = _12 != _v35;
        if _v36 {
            unsafe { abort() };
        }
    }
    let _v37: LongDouble = LongDouble([0, 0, 0, 0, 0, 234, 86, 250, 30, 64]);
    todo!("long double cast");
    *ub300 = _77;
    {
        let _v38: bitint::BUint<300, 5, 40> = *ub300;
        let _v39: bitint::BUint<300, 5, 40> = bitint::BUint::<300, 5, 40>::from_decimal_str("4200000000");
        let _v40: bool = _v38 != _v39;
        if _v40 {
            unsafe { abort() };
        }
    }
    {
        let _v41: bitint::BUint<300, 5, 40> = *ub300;
        todo!("long double cast");
        let _v42: LongDouble = LongDouble([0, 0, 0, 0, 0, 234, 86, 250, 30, 64]);
        let _v43: bool = _03 != _v42;
        if _v43 {
            unsafe { abort() };
        }
    }
    let _v44: LongDouble = LongDouble([0, 0, 0, 0, 0, 0, 0, 246, 5, 64]);
    todo!("long double cast");
    *b129 = _79;
    {
        let _v45: bitint::BInt<129, 3, 24> = *b129;
        let _v46: i32 = _v45.to_i128() as i32;
        let _v47: i32 = 123;
        let _v48: bool = _v46 != _v47;
        if _v48 {
            unsafe { abort() };
        }
    }
    {
        let _v49: bitint::BInt<129, 3, 24> = bitint::BInt::<129, 3, 24>::from_decimal_str("123");
        todo!("long double cast");
        let _v50: LongDouble = LongDouble([0, 0, 0, 0, 0, 0, 0, 246, 5, 64]);
        let _v51: bool = _93 != _v50;
        if _v51 {
            unsafe { abort() };
        }
    }
    let _v52: *mut i8 = b"bitint_b101=%lld bitint_ub150=%llu bitint_b256_lo=%lld bitint_ub300_lo=%llu\n\0".as_ptr() as *mut i8;
    let _v53: bitint::BInt<101, 2, 16> = *b101;
    let _v54: i64 = _v53.to_i128() as i64;
    let _v55: bitint::BUint<150, 3, 24> = *ub150;
    let _v56: u64 = _v55.to_u128() as u64;
    let _v57: bitint::BInt<256, 4, 32> = *b256;
    let _v58: i64 = _v57.to_i128() as i64;
    let _v59: bitint::BUint<300, 5, 40> = *ub300;
    let _v60: u64 = _v59.to_u128() as u64;
    let _v61: i32 = unsafe { printf(_v52 as *const i8, _v54, _v56, _v58, _v60) };
    return;
}

fn print_ld(arg0: *mut i8, arg1: LongDouble) {
    let mut name: *mut i8 = std::ptr::null_mut();
    let mut v: LongDouble = LongDouble([0; 10]);
    name = arg0;
    v = arg1;
    let _v0: *mut i8 = b"%s=%La\n\0".as_ptr() as *mut i8;
    let _v1: *mut i8 = name;
    let _v2: LongDouble = v;
    let _v3: i32 = unsafe { __slate_printf__ri32_pi8_pi8_f80(_v0 as *mut i8, _v1 as *mut i8, _v2) };
    return;
}

fn check_math_functions() {
    let mut exp: i32 = 0;
    let _v0: *mut i8 = b"sqrt\0".as_ptr() as *mut i8;
    let _v1: LongDouble = LongDouble([0, 0, 0, 0, 0, 0, 0, 128, 0, 64]);
    let _v2: LongDouble = unsafe { __slate_sqrtl__rf80_f80(_v1) };
    print_ld(_v0, _v2);
    let _v3: *mut i8 = b"cbrt\0".as_ptr() as *mut i8;
    let _v4: LongDouble = LongDouble([0, 0, 0, 0, 0, 0, 0, 216, 3, 64]);
    let _v5: LongDouble = unsafe { __slate_cbrtl__rf80_f80(_v4) };
    print_ld(_v3, _v5);
    let _v6: *mut i8 = b"sin\0".as_ptr() as *mut i8;
    let _v7: LongDouble = LongDouble([0, 0, 0, 0, 0, 0, 0, 0, 0, 0]);
    let _v8: LongDouble = unsafe { __slate_sinl__rf80_f80(_v7) };
    print_ld(_v6, _v8);
    let _v9: *mut i8 = b"cos\0".as_ptr() as *mut i8;
    let _v10: LongDouble = LongDouble([0, 0, 0, 0, 0, 0, 0, 0, 0, 0]);
    let _v11: LongDouble = unsafe { __slate_cosl__rf80_f80(_v10) };
    print_ld(_v9, _v11);
    let _v12: *mut i8 = b"tan\0".as_ptr() as *mut i8;
    let _v13: LongDouble = LongDouble([0, 0, 0, 0, 0, 0, 0, 0, 0, 0]);
    let _v14: LongDouble = unsafe { __slate_tanl__rf80_f80(_v13) };
    print_ld(_v12, _v14);
    let _v15: *mut i8 = b"asin\0".as_ptr() as *mut i8;
    let _v16: LongDouble = LongDouble([0, 0, 0, 0, 0, 0, 0, 128, 255, 63]);
    let _v17: LongDouble = unsafe { __slate_asinl__rf80_f80(_v16) };
    print_ld(_v15, _v17);
    let _v18: *mut i8 = b"acos\0".as_ptr() as *mut i8;
    let _v19: LongDouble = LongDouble([0, 0, 0, 0, 0, 0, 0, 128, 255, 63]);
    let _v20: LongDouble = unsafe { __slate_acosl__rf80_f80(_v19) };
    print_ld(_v18, _v20);
    let _v21: *mut i8 = b"atan\0".as_ptr() as *mut i8;
    let _v22: LongDouble = LongDouble([0, 0, 0, 0, 0, 0, 0, 128, 255, 63]);
    let _v23: LongDouble = unsafe { __slate_atanl__rf80_f80(_v22) };
    print_ld(_v21, _v23);
    let _v24: *mut i8 = b"atan2\0".as_ptr() as *mut i8;
    let _v25: LongDouble = LongDouble([0, 0, 0, 0, 0, 0, 0, 128, 255, 63]);
    let _v26: LongDouble = LongDouble([0, 0, 0, 0, 0, 0, 0, 128, 255, 63]);
    let _v27: LongDouble = unsafe { __slate_atan2l__rf80_f80_f80(_v25, _v26) };
    print_ld(_v24, _v27);
    let _v28: *mut i8 = b"sinh\0".as_ptr() as *mut i8;
    let _v29: LongDouble = LongDouble([0, 0, 0, 0, 0, 0, 0, 128, 255, 63]);
    let _v30: LongDouble = unsafe { __slate_sinhl__rf80_f80(_v29) };
    print_ld(_v28, _v30);
    let _v31: *mut i8 = b"cosh\0".as_ptr() as *mut i8;
    let _v32: LongDouble = LongDouble([0, 0, 0, 0, 0, 0, 0, 128, 255, 63]);
    let _v33: LongDouble = unsafe { __slate_coshl__rf80_f80(_v32) };
    print_ld(_v31, _v33);
    let _v34: *mut i8 = b"tanh\0".as_ptr() as *mut i8;
    let _v35: LongDouble = LongDouble([0, 0, 0, 0, 0, 0, 0, 128, 255, 63]);
    let _v36: LongDouble = unsafe { __slate_tanhl__rf80_f80(_v35) };
    print_ld(_v34, _v36);
    let _v37: *mut i8 = b"exp\0".as_ptr() as *mut i8;
    let _v38: LongDouble = LongDouble([0, 0, 0, 0, 0, 0, 0, 128, 255, 63]);
    let _v39: LongDouble = unsafe { __slate_expl__rf80_f80(_v38) };
    print_ld(_v37, _v39);
    let _v40: *mut i8 = b"exp2\0".as_ptr() as *mut i8;
    let _v41: LongDouble = LongDouble([0, 0, 0, 0, 0, 0, 0, 160, 2, 64]);
    let _v42: LongDouble = unsafe { __slate_exp2l__rf80_f80(_v41) };
    print_ld(_v40, _v42);
    let _v43: *mut i8 = b"log\0".as_ptr() as *mut i8;
    let _v44: LongDouble = LongDouble([0, 0, 0, 0, 0, 0, 0, 128, 255, 63]);
    let _v45: LongDouble = unsafe { __slate_expl__rf80_f80(_v44) };
    let _v46: LongDouble = unsafe { __slate_logl__rf80_f80(_v45) };
    print_ld(_v43, _v46);
    let _v47: *mut i8 = b"log2\0".as_ptr() as *mut i8;
    let _v48: LongDouble = LongDouble([0, 0, 0, 0, 0, 0, 0, 128, 2, 64]);
    let _v49: LongDouble = unsafe { __slate_log2l__rf80_f80(_v48) };
    print_ld(_v47, _v49);
    let _v50: *mut i8 = b"log10\0".as_ptr() as *mut i8;
    let _v51: LongDouble = LongDouble([0, 0, 0, 0, 0, 0, 0, 250, 8, 64]);
    let _v52: LongDouble = unsafe { __slate_log10l__rf80_f80(_v51) };
    print_ld(_v50, _v52);
    let _v53: *mut i8 = b"pow\0".as_ptr() as *mut i8;
    let _v54: LongDouble = LongDouble([0, 0, 0, 0, 0, 0, 0, 128, 0, 64]);
    let _v55: LongDouble = LongDouble([0, 0, 0, 0, 0, 0, 0, 160, 2, 64]);
    let _v56: LongDouble = unsafe { __slate_powl__rf80_f80_f80(_v54, _v55) };
    print_ld(_v53, _v56);
    let _v57: *mut i8 = b"floor\0".as_ptr() as *mut i8;
    let _v58: LongDouble = LongDouble([205, 204, 204, 204, 204, 204, 204, 172, 0, 64]);
    let _v59: LongDouble = __slate_f80_floor(_v58);
    print_ld(_v57, _v59);
    let _v60: *mut i8 = b"ceil\0".as_ptr() as *mut i8;
    let _v61: LongDouble = LongDouble([102, 102, 102, 102, 102, 102, 102, 134, 0, 64]);
    let _v62: LongDouble = __slate_f80_ceil(_v61);
    print_ld(_v60, _v62);
    let _v63: *mut i8 = b"round\0".as_ptr() as *mut i8;
    let _v64: LongDouble = LongDouble([0, 0, 0, 0, 0, 0, 0, 160, 0, 64]);
    let _v65: LongDouble = __slate_f80_round(_v64);
    print_ld(_v63, _v65);
    let _v66: *mut i8 = b"trunc\0".as_ptr() as *mut i8;
    let _v67: LongDouble = LongDouble([205, 204, 204, 204, 204, 204, 204, 172, 0, 192]);
    let _v68: LongDouble = __slate_f80_trunc(_v67);
    print_ld(_v66, _v68);
    let _v69: *mut i8 = b"fabs\0".as_ptr() as *mut i8;
    let _v70: LongDouble = LongDouble([0, 0, 0, 0, 0, 0, 0, 224, 0, 192]);
    let _v71: LongDouble = __slate_f80_abs(_v70);
    print_ld(_v69, _v71);
    let _v72: *mut i8 = b"fmod\0".as_ptr() as *mut i8;
    let _v73: LongDouble = LongDouble([0, 0, 0, 0, 0, 0, 0, 160, 2, 64]);
    let _v74: LongDouble = LongDouble([0, 0, 0, 0, 0, 0, 0, 192, 0, 64]);
    let _v75: LongDouble = unsafe { __slate_fmodl__rf80_f80_f80(_v73, _v74) };
    print_ld(_v72, _v75);
    let _v76: *mut i8 = b"hypot\0".as_ptr() as *mut i8;
    let _v77: LongDouble = LongDouble([0, 0, 0, 0, 0, 0, 0, 192, 0, 64]);
    let _v78: LongDouble = LongDouble([0, 0, 0, 0, 0, 0, 0, 128, 1, 64]);
    let _v79: LongDouble = unsafe { __slate_hypotl__rf80_f80_f80(_v77, _v78) };
    print_ld(_v76, _v79);
    let _v80: *mut i8 = b"copysign\0".as_ptr() as *mut i8;
    let _v81: LongDouble = LongDouble([0, 0, 0, 0, 0, 0, 0, 192, 0, 64]);
    let _v82: LongDouble = LongDouble([0, 0, 0, 0, 0, 0, 0, 128, 255, 191]);
    let _v83: LongDouble = __slate_f80_copysign(_v81, _v82);
    print_ld(_v80, _v83);
    let _v84: *mut i8 = b"fmax\0".as_ptr() as *mut i8;
    let _v85: LongDouble = LongDouble([0, 0, 0, 0, 0, 0, 0, 128, 255, 63]);
    let _v86: LongDouble = LongDouble([0, 0, 0, 0, 0, 0, 0, 128, 0, 64]);
    let _v87: LongDouble = __slate_f80_fmax(_v85, _v86);
    print_ld(_v84, _v87);
    let _v88: *mut i8 = b"fmin\0".as_ptr() as *mut i8;
    let _v89: LongDouble = LongDouble([0, 0, 0, 0, 0, 0, 0, 128, 255, 63]);
    let _v90: LongDouble = LongDouble([0, 0, 0, 0, 0, 0, 0, 128, 0, 64]);
    let _v91: LongDouble = __slate_f80_fmin(_v89, _v90);
    print_ld(_v88, _v91);
    let _v92: *mut i8 = b"fma\0".as_ptr() as *mut i8;
    let _v93: LongDouble = LongDouble([0, 0, 0, 0, 0, 0, 0, 128, 0, 64]);
    let _v94: LongDouble = LongDouble([0, 0, 0, 0, 0, 0, 0, 192, 0, 64]);
    let _v95: LongDouble = LongDouble([0, 0, 0, 0, 0, 0, 0, 128, 1, 64]);
    let _v96: LongDouble = __slate_f80_fma(_v93, _v94, _v95);
    print_ld(_v92, _v96);
    let _v97: *mut i8 = b"ldexp\0".as_ptr() as *mut i8;
    let _v98: LongDouble = LongDouble([0, 0, 0, 0, 0, 0, 0, 128, 255, 63]);
    let _v99: i32 = 4;
    let _v100: LongDouble = unsafe { __slate_ldexpl__rf80_f80_i32(_v98, _v99 as i32) };
    print_ld(_v97, _v100);
    let _v101: i32 = 0;
    exp = _v101;
    let _v102: *mut i8 = b"frexp\0".as_ptr() as *mut i8;
    let _v103: LongDouble = LongDouble([0, 0, 0, 0, 0, 0, 0, 200, 5, 64]);
    let _v104: LongDouble = unsafe { __slate_frexpl__rf80_f80_pi32(_v103, std::ptr::addr_of_mut!(exp) as *mut i32) };
    print_ld(_v102, _v104);
    let _v105: *mut i8 = b"frexp_exp=%d\n\0".as_ptr() as *mut i8;
    let _v106: i32 = exp;
    let _v107: i32 = unsafe { printf(_v105 as *const i8, _v106) };
    let _v108: *mut i8 = b"isnan=%d isinf=%d signbit_neg=%d signbit_pos=%d isfinite=%d\n\0".as_ptr() as *mut i8;
    let _v109: *mut i8 = b"\0".as_ptr() as *mut i8;
    let _v110: LongDouble = unsafe { __slate_nanl__rf80_pi8(_v109 as *const i8) };
    let _v111: bool = __slate_f80_is_fp_class(_v110, 3);
    let _v112: i32 = _v111 as i32;
    let _v113: i32 = 1;
    let _v114: i32 = 1;
    let _v115: i32 = 0;
    let _v116: i32 = 1;
    let _v117: i32 = unsafe { printf(_v108 as *const i8, _v112, _v113, _v114, _v115, _v116) };
    let _v118: *mut i8 = b"epsilon\0".as_ptr() as *mut i8;
    let _v119: LongDouble = LongDouble([0, 0, 0, 0, 0, 0, 0, 128, 192, 63]);
    print_ld(_v118, _v119);
    return;
}

/// The functions above all round-trip through the generic call-shim (any
/// known extern function with a long double arg/return links straight to
/// libm), which check_math_functions already exercises. This covers the
/// remaining libm entry points -- pointer out-params, integer-returning
/// variants, and the classification family -- with volatile operands so
/// they can't constant-fold away and skip the real runtime path.
fn check_remaining_math_functions() {
    let mut ten: LongDouble = LongDouble([0; 10]);
    let mut three: LongDouble = LongDouble([0; 10]);
    let mut ipart: LongDouble = LongDouble([0; 10]);
    let mut frac: LongDouble = LongDouble([0; 10]);
    let mut quo: i32 = 0;
    let mut vnan: LongDouble = LongDouble([0; 10]);
    let mut vinf: LongDouble = LongDouble([0; 10]);
    let mut vzero: LongDouble = LongDouble([0; 10]);
    let mut vone: LongDouble = LongDouble([0; 10]);
    let mut vsub: LongDouble = LongDouble([0; 10]);
    let mut vtwo: LongDouble = LongDouble([0; 10]);
    let mut ten_plain: LongDouble = LongDouble([0; 10]);
    let mut canon: LongDouble = LongDouble([0; 10]);
    let mut canon_r: i32 = 0;
    let _v0: LongDouble = LongDouble([0, 0, 0, 0, 0, 0, 0, 160, 2, 64]);
    unsafe { std::ptr::write_volatile(std::ptr::addr_of_mut!(ten), _v0) };
    let _v1: LongDouble = LongDouble([0, 0, 0, 0, 0, 0, 0, 192, 0, 64]);
    unsafe { std::ptr::write_volatile(std::ptr::addr_of_mut!(three), _v1) };
    let _v2: LongDouble = LongDouble([0, 0, 0, 0, 0, 0, 0, 0, 0, 0]);
    ipart = _v2;
    let _v3: LongDouble = unsafe { std::ptr::read_volatile(std::ptr::addr_of!(ten)) };
    let _v4: LongDouble = unsafe { std::ptr::read_volatile(std::ptr::addr_of!(three)) };
    let _v5: LongDouble = _v3 / _v4;
    let _v6: LongDouble = __slate_f80_fract(_v5);
    let _v7: LongDouble = __slate_f80_trunc(_v5);
    ipart = _v7;
    frac = _v6;
    let _v8: *mut i8 = b"modf_ipart\0".as_ptr() as *mut i8;
    let _v9: LongDouble = ipart;
    print_ld(_v8, _v9);
    let _v10: *mut i8 = b"modf_frac\0".as_ptr() as *mut i8;
    let _v11: LongDouble = frac;
    print_ld(_v10, _v11);
    let _v12: *mut i8 = b"remainder\0".as_ptr() as *mut i8;
    let _v13: LongDouble = unsafe { std::ptr::read_volatile(std::ptr::addr_of!(ten)) };
    let _v14: LongDouble = unsafe { std::ptr::read_volatile(std::ptr::addr_of!(three)) };
    let _v15: LongDouble = unsafe { __slate_remainderl__rf80_f80_f80(_v13, _v14) };
    print_ld(_v12, _v15);
    let _v16: i32 = 0;
    quo = _v16;
    let _v17: *mut i8 = b"remquo\0".as_ptr() as *mut i8;
    let _v18: LongDouble = unsafe { std::ptr::read_volatile(std::ptr::addr_of!(ten)) };
    let _v19: LongDouble = unsafe { std::ptr::read_volatile(std::ptr::addr_of!(three)) };
    let _v20: LongDouble = unsafe { __slate_remquol__rf80_f80_f80_pi32(_v18, _v19, std::ptr::addr_of_mut!(quo) as *mut i32) };
    print_ld(_v17, _v20);
    let _v21: *mut i8 = b"remquo_quo=%d\n\0".as_ptr() as *mut i8;
    let _v22: i32 = quo;
    let _v23: i32 = unsafe { printf(_v21 as *const i8, _v22) };
    let _v24: *mut i8 = b"scalbn\0".as_ptr() as *mut i8;
    let _v25: LongDouble = unsafe { std::ptr::read_volatile(std::ptr::addr_of!(ten)) };
    let _v26: i32 = 3;
    let _v27: LongDouble = unsafe { __slate_scalbnl__rf80_f80_i32(_v25, _v26 as i32) };
    print_ld(_v24, _v27);
    let _v28: *mut i8 = b"scalbln\0".as_ptr() as *mut i8;
    let _v29: LongDouble = unsafe { std::ptr::read_volatile(std::ptr::addr_of!(ten)) };
    let _v30: i64 = 3;
    let _v31: LongDouble = unsafe { __slate_scalblnl__rf80_f80_i64(_v29, _v30 as i64) };
    print_ld(_v28, _v31);
    let _v32: *mut i8 = b"nextafter\0".as_ptr() as *mut i8;
    let _v33: LongDouble = unsafe { std::ptr::read_volatile(std::ptr::addr_of!(ten)) };
    let _v34: LongDouble = unsafe { std::ptr::read_volatile(std::ptr::addr_of!(three)) };
    let _v35: LongDouble = unsafe { __slate_nextafterl__rf80_f80_f80(_v33, _v34) };
    print_ld(_v32, _v35);
    let _v36: *mut i8 = b"nexttoward\0".as_ptr() as *mut i8;
    let _v37: LongDouble = unsafe { std::ptr::read_volatile(std::ptr::addr_of!(ten)) };
    let _v38: LongDouble = unsafe { std::ptr::read_volatile(std::ptr::addr_of!(three)) };
    let _v39: LongDouble = unsafe { __slate_nexttowardl__rf80_f80_f80(_v37, _v38) };
    print_ld(_v36, _v39);
    let _v40: *mut i8 = b"fdim\0".as_ptr() as *mut i8;
    let _v41: LongDouble = unsafe { std::ptr::read_volatile(std::ptr::addr_of!(ten)) };
    let _v42: LongDouble = unsafe { std::ptr::read_volatile(std::ptr::addr_of!(three)) };
    let _v43: LongDouble = unsafe { __slate_fdiml__rf80_f80_f80(_v41, _v42) };
    print_ld(_v40, _v43);
    let _v44: *mut i8 = b"rint\0".as_ptr() as *mut i8;
    let _v45: LongDouble = unsafe { std::ptr::read_volatile(std::ptr::addr_of!(ten)) };
    let _v46: LongDouble = unsafe { std::ptr::read_volatile(std::ptr::addr_of!(three)) };
    let _v47: LongDouble = _v45 / _v46;
    let _v48: LongDouble = __slate_f80_rint(_v47);
    print_ld(_v44, _v48);
    let _v49: *mut i8 = b"nearbyint\0".as_ptr() as *mut i8;
    let _v50: LongDouble = unsafe { std::ptr::read_volatile(std::ptr::addr_of!(ten)) };
    let _v51: LongDouble = unsafe { std::ptr::read_volatile(std::ptr::addr_of!(three)) };
    let _v52: LongDouble = _v50 / _v51;
    let _v53: LongDouble = __slate_f80_rint(_v52);
    print_ld(_v49, _v53);
    let _v54: *mut i8 = b"lrint=%ld llrint=%lld lround=%ld llround=%lld\n\0".as_ptr() as *mut i8;
    let _v55: LongDouble = unsafe { std::ptr::read_volatile(std::ptr::addr_of!(ten)) };
    let _v56: LongDouble = unsafe { std::ptr::read_volatile(std::ptr::addr_of!(three)) };
    let _v57: LongDouble = _v55 / _v56;
    let _v58: i64 = unsafe { __slate_lrintl__ri64_f80(_v57) };
    let _v59: LongDouble = unsafe { std::ptr::read_volatile(std::ptr::addr_of!(ten)) };
    let _v60: LongDouble = unsafe { std::ptr::read_volatile(std::ptr::addr_of!(three)) };
    let _v61: LongDouble = _v59 / _v60;
    let _v62: i64 = unsafe { __slate_llrintl__ri64_f80(_v61) };
    let _v63: LongDouble = unsafe { std::ptr::read_volatile(std::ptr::addr_of!(ten)) };
    let _v64: LongDouble = unsafe { std::ptr::read_volatile(std::ptr::addr_of!(three)) };
    let _v65: LongDouble = _v63 / _v64;
    let _v66: i64 = unsafe { __slate_lroundl__ri64_f80(_v65) };
    let _v67: LongDouble = unsafe { std::ptr::read_volatile(std::ptr::addr_of!(ten)) };
    let _v68: LongDouble = unsafe { std::ptr::read_volatile(std::ptr::addr_of!(three)) };
    let _v69: LongDouble = _v67 / _v68;
    let _v70: i64 = unsafe { __slate_llroundl__ri64_f80(_v69) };
    let _v71: i32 = unsafe { printf(_v54 as *const i8, _v58, _v62, _v66, _v70) };
    let _v72: *mut i8 = b"ilogb=%d\n\0".as_ptr() as *mut i8;
    let _v73: LongDouble = unsafe { std::ptr::read_volatile(std::ptr::addr_of!(ten)) };
    let _v74: i32 = unsafe { __slate_ilogbl__ri32_f80(_v73) };
    let _v75: i32 = unsafe { printf(_v72 as *const i8, _v74) };
    let _v76: *mut i8 = b"logb\0".as_ptr() as *mut i8;
    let _v77: LongDouble = unsafe { std::ptr::read_volatile(std::ptr::addr_of!(ten)) };
    let _v78: LongDouble = unsafe { __slate_logbl__rf80_f80(_v77) };
    print_ld(_v76, _v78);
    let _v79: *mut i8 = b"erf\0".as_ptr() as *mut i8;
    let _v80: LongDouble = unsafe { std::ptr::read_volatile(std::ptr::addr_of!(ten)) };
    let _v81: LongDouble = unsafe { std::ptr::read_volatile(std::ptr::addr_of!(three)) };
    let _v82: LongDouble = _v80 / _v81;
    let _v83: LongDouble = unsafe { __slate_erfl__rf80_f80(_v82) };
    print_ld(_v79, _v83);
    let _v84: *mut i8 = b"erfc\0".as_ptr() as *mut i8;
    let _v85: LongDouble = unsafe { std::ptr::read_volatile(std::ptr::addr_of!(ten)) };
    let _v86: LongDouble = unsafe { std::ptr::read_volatile(std::ptr::addr_of!(three)) };
    let _v87: LongDouble = _v85 / _v86;
    let _v88: LongDouble = unsafe { __slate_erfcl__rf80_f80(_v87) };
    print_ld(_v84, _v88);
    let _v89: *mut i8 = b"tgamma\0".as_ptr() as *mut i8;
    let _v90: LongDouble = unsafe { std::ptr::read_volatile(std::ptr::addr_of!(three)) };
    let _v91: LongDouble = unsafe { __slate_tgammal__rf80_f80(_v90) };
    print_ld(_v89, _v91);
    let _v92: *mut i8 = b"lgamma\0".as_ptr() as *mut i8;
    let _v93: LongDouble = unsafe { std::ptr::read_volatile(std::ptr::addr_of!(ten)) };
    let _v94: LongDouble = unsafe { __slate_lgammal__rf80_f80(_v93) };
    print_ld(_v92, _v94);
    let _v95: *mut i8 = b"\0".as_ptr() as *mut i8;
    let _v96: LongDouble = unsafe { __slate_nanl__rf80_pi8(_v95 as *const i8) };
    unsafe { std::ptr::write_volatile(std::ptr::addr_of_mut!(vnan), _v96) };
    let _v97: LongDouble = LongDouble([0, 0, 0, 0, 0, 0, 0, 128, 255, 127]);
    unsafe { std::ptr::write_volatile(std::ptr::addr_of_mut!(vinf), _v97) };
    let _v98: LongDouble = LongDouble([0, 0, 0, 0, 0, 0, 0, 0, 0, 0]);
    unsafe { std::ptr::write_volatile(std::ptr::addr_of_mut!(vzero), _v98) };
    let _v99: LongDouble = LongDouble([0, 0, 0, 0, 0, 0, 0, 128, 255, 63]);
    unsafe { std::ptr::write_volatile(std::ptr::addr_of_mut!(vone), _v99) };
    let _v100: LongDouble = LongDouble([1, 0, 0, 0, 0, 0, 0, 0, 0, 0]);
    unsafe { std::ptr::write_volatile(std::ptr::addr_of_mut!(vsub), _v100) };
    let _v101: *mut i8 = b"isnan_v=%d isinf_v=%d isfinite_v=%d isnormal_v=%d isunordered_v=%d isunordered_ok=%d\n\0".as_ptr() as *mut i8;
    let _v102: LongDouble = unsafe { std::ptr::read_volatile(std::ptr::addr_of!(vnan)) };
    let _v103: bool = __slate_f80_is_fp_class(_v102, 3);
    let _v104: i32 = _v103 as i32;
    let _v105: LongDouble = unsafe { std::ptr::read_volatile(std::ptr::addr_of!(vinf)) };
    let _v106: bool = __slate_f80_is_fp_class(_v105, 516);
    let _v107: i32 = _v106 as i32;
    let _v108: LongDouble = unsafe { std::ptr::read_volatile(std::ptr::addr_of!(vone)) };
    let _v109: bool = __slate_f80_is_fp_class(_v108, 504);
    let _v110: i32 = _v109 as i32;
    let _v111: LongDouble = unsafe { std::ptr::read_volatile(std::ptr::addr_of!(vone)) };
    let _v112: bool = __slate_f80_is_fp_class(_v111, 264);
    let _v113: i32 = _v112 as i32;
    let _v114: LongDouble = unsafe { std::ptr::read_volatile(std::ptr::addr_of!(vnan)) };
    let _v115: LongDouble = unsafe { std::ptr::read_volatile(std::ptr::addr_of!(vone)) };
    let _v116: bool = _v114 != _v114 || _v115 != _v115;
    let _v117: i32 = _v116 as i32;
    let _v118: LongDouble = unsafe { std::ptr::read_volatile(std::ptr::addr_of!(vone)) };
    let _v119: LongDouble = unsafe { std::ptr::read_volatile(std::ptr::addr_of!(vzero)) };
    let _v120: bool = _v118 != _v118 || _v119 != _v119;
    let _v121: i32 = _v120 as i32;
    let _v122: i32 = unsafe { printf(_v101 as *const i8, _v104, _v107, _v110, _v113, _v117, _v121) };
    let _v123: *mut i8 = b"subnormal_isnormal=%d\n\0".as_ptr() as *mut i8;
    let _v124: LongDouble = unsafe { std::ptr::read_volatile(std::ptr::addr_of!(vsub)) };
    let _v125: bool = __slate_f80_is_fp_class(_v124, 264);
    let _v126: i32 = _v125 as i32;
    let _v127: i32 = unsafe { printf(_v123 as *const i8, _v126) };
    let _v128: LongDouble = LongDouble([0, 0, 0, 0, 0, 0, 0, 128, 0, 64]);
    unsafe { std::ptr::write_volatile(std::ptr::addr_of_mut!(vtwo), _v128) };
    let _v129: *mut i8 = b"islessgreater_lt=%d islessgreater_eq=%d islessgreater_nan=%d\n\0".as_ptr() as *mut i8;
    let _v130: LongDouble = unsafe { std::ptr::read_volatile(std::ptr::addr_of!(vone)) };
    let _v131: LongDouble = unsafe { std::ptr::read_volatile(std::ptr::addr_of!(vtwo)) };
    let _v132: bool = _v130 < _v131 || _v130 > _v131;
    let _v133: i32 = _v132 as i32;
    let _v134: LongDouble = unsafe { std::ptr::read_volatile(std::ptr::addr_of!(vone)) };
    let _v135: LongDouble = unsafe { std::ptr::read_volatile(std::ptr::addr_of!(vone)) };
    let _v136: bool = _v134 < _v135 || _v134 > _v135;
    let _v137: i32 = _v136 as i32;
    let _v138: LongDouble = unsafe { std::ptr::read_volatile(std::ptr::addr_of!(vnan)) };
    let _v139: LongDouble = unsafe { std::ptr::read_volatile(std::ptr::addr_of!(vone)) };
    let _v140: bool = _v138 < _v139 || _v138 > _v139;
    let _v141: i32 = _v140 as i32;
    let _v142: i32 = unsafe { printf(_v129 as *const i8, _v133, _v137, _v141) };
    let _v143: LongDouble = unsafe { std::ptr::read_volatile(std::ptr::addr_of!(ten)) };
    ten_plain = _v143;
    let _v144: LongDouble = LongDouble([0, 0, 0, 0, 0, 0, 0, 0, 0, 0]);
    canon = _v144;
    let _v145: i32 = unsafe { __slate_canonicalizel__ri32_pf80_pf80(std::ptr::addr_of_mut!(canon), std::ptr::addr_of_mut!(ten_plain)) };
    canon_r = _v145;
    let _v146: *mut i8 = b"canonicalize\0".as_ptr() as *mut i8;
    let _v147: LongDouble = canon;
    print_ld(_v146, _v147);
    let _v148: *mut i8 = b"canonicalize_r=%d\n\0".as_ptr() as *mut i8;
    let _v149: i32 = canon_r;
    let _v150: i32 = unsafe { printf(_v148 as *const i8, _v149) };
    let _v151: *mut i8 = b"ldbl_min\0".as_ptr() as *mut i8;
    let _v152: LongDouble = LongDouble([0, 0, 0, 0, 0, 0, 0, 128, 1, 0]);
    print_ld(_v151, _v152);
    let _v153: *mut i8 = b"ldbl_true_min\0".as_ptr() as *mut i8;
    let _v154: LongDouble = LongDouble([1, 0, 0, 0, 0, 0, 0, 0, 0, 0]);
    print_ld(_v153, _v154);
    let _v155: *mut i8 = b"ldbl_mant_dig=%d ldbl_dig=%d ldbl_min_exp=%d ldbl_max_exp=%d ldbl_min_10_exp=%d ldbl_max_10_exp=%d\n\0".as_ptr() as *mut i8;
    let _v156: i32 = 64;
    let _v157: i32 = 18;
    let _v158: i32 = -16381;
    let _v159: i32 = 16384;
    let _v160: i32 = -4931;
    let _v161: i32 = 4932;
    let _v162: i32 = unsafe { printf(_v155 as *const i8, _v156, _v157, _v158, _v159, _v160, _v161) };
    return;
}

fn main() {
    let mut __retval: i32 = 0;
    let mut x: LongDouble = LongDouble([0; 10]);
    let mut y: LongDouble = LongDouble([0; 10]);
    let _v0: i32 = 0;
    __retval = _v0;
    let _v1: LongDouble = LongDouble([0, 0, 0, 0, 0, 0, 0, 192, 255, 63]);
    x = _v1;
    let _v2: LongDouble = LongDouble([0, 0, 0, 0, 0, 0, 0, 144, 1, 64]);
    y = _v2;
    let _v3: *mut i8 = b"%d\n\0".as_ptr() as *mut i8;
    let _v4: LongDouble = x;
    let _v5: LongDouble = y;
    let _v6: LongDouble = _v4 + _v5;
    let _v7: i32 = truncate_long_double(_v6);
    let _v8: i32 = unsafe { printf(_v3 as *const i8, _v7) };
    let _v9: *mut i8 = b"%d\n\0".as_ptr() as *mut i8;
    let _v10: LongDouble = LongDouble([0, 0, 0, 0, 0, 0, 0, 192, 0, 64]);
    let _v11: LongDouble = LongDouble([0, 0, 0, 0, 0, 0, 0, 160, 1, 64]);
    let _v12: LongDouble = mix_long_double(_v10, _v11);
    let _v13: i32 = truncate_long_double(_v12);
    let _v14: i32 = unsafe { printf(_v9 as *const i8, _v13) };
    let _v15: *mut i8 = b"%d\n\0".as_ptr() as *mut i8;
    let _v16: i32 = 7;
    let _v17: LongDouble = __slate_f80_from_i32(_v16);
    let _v18: LongDouble = LongDouble([0, 0, 0, 0, 0, 0, 0, 128, 0, 64]);
    let _v19: LongDouble = _v17 / _v18;
    let _v20: i32 = truncate_long_double(_v19);
    let _v21: i32 = unsafe { printf(_v15 as *const i8, _v20) };
    check_int_casts();
    check_i128_casts();
    check_bitint_casts();
    check_math_functions();
    check_remaining_math_functions();
    let _v22: i32 = 0;
    __retval = _v22;
    let _v23: i32 = __retval;
    std::process::exit(_v23 as i32);
}

unsafe extern "C" {
    fn __slate_acosl__rf80_f80(_0: LongDouble) -> LongDouble;
    fn __slate_asinl__rf80_f80(_0: LongDouble) -> LongDouble;
    fn __slate_atan2l__rf80_f80_f80(_0: LongDouble, _1: LongDouble) -> LongDouble;
    fn __slate_atanl__rf80_f80(_0: LongDouble) -> LongDouble;
    fn __slate_canonicalizel__ri32_pf80_pf80(_0: *mut LongDouble, _1: *const LongDouble) -> i32;
    fn __slate_cbrtl__rf80_f80(_0: LongDouble) -> LongDouble;
    safe fn __slate_cf80_div(a: num_complex::Complex<LongDouble>, b: num_complex::Complex<LongDouble>) -> num_complex::Complex<LongDouble>;
    safe fn __slate_cf80_mul(a: num_complex::Complex<LongDouble>, b: num_complex::Complex<LongDouble>) -> num_complex::Complex<LongDouble>;
    fn __slate_coshl__rf80_f80(_0: LongDouble) -> LongDouble;
    fn __slate_cosl__rf80_f80(_0: LongDouble) -> LongDouble;
    fn __slate_erfcl__rf80_f80(_0: LongDouble) -> LongDouble;
    fn __slate_erfl__rf80_f80(_0: LongDouble) -> LongDouble;
    fn __slate_exp2l__rf80_f80(_0: LongDouble) -> LongDouble;
    fn __slate_expl__rf80_f80(_0: LongDouble) -> LongDouble;
    safe fn __slate_f80_abs(a: LongDouble) -> LongDouble;
    safe fn __slate_f80_add(a: LongDouble, b: LongDouble) -> LongDouble;
    safe fn __slate_f80_ceil(a: LongDouble) -> LongDouble;
    safe fn __slate_f80_copysign(a: LongDouble, b: LongDouble) -> LongDouble;
    safe fn __slate_f80_div(a: LongDouble, b: LongDouble) -> LongDouble;
    safe fn __slate_f80_eq(a: LongDouble, b: LongDouble) -> bool;
    safe fn __slate_f80_floor(a: LongDouble) -> LongDouble;
    safe fn __slate_f80_fma(a: LongDouble, b: LongDouble, c: LongDouble) -> LongDouble;
    safe fn __slate_f80_fmax(a: LongDouble, b: LongDouble) -> LongDouble;
    safe fn __slate_f80_fmin(a: LongDouble, b: LongDouble) -> LongDouble;
    safe fn __slate_f80_fract(a: LongDouble) -> LongDouble;
    safe fn __slate_f80_from_bool(a: bool) -> LongDouble;
    safe fn __slate_f80_from_f32(a: f32) -> LongDouble;
    safe fn __slate_f80_from_f64(a: f64) -> LongDouble;
    safe fn __slate_f80_from_i128(a: i128) -> LongDouble;
    safe fn __slate_f80_from_i16(a: i16) -> LongDouble;
    safe fn __slate_f80_from_i32(a: i32) -> LongDouble;
    safe fn __slate_f80_from_i64(a: i64) -> LongDouble;
    safe fn __slate_f80_from_i8(a: i8) -> LongDouble;
    safe fn __slate_f80_from_u128(a: u128) -> LongDouble;
    safe fn __slate_f80_from_u16(a: u16) -> LongDouble;
    safe fn __slate_f80_from_u32(a: u32) -> LongDouble;
    safe fn __slate_f80_from_u64(a: u64) -> LongDouble;
    safe fn __slate_f80_from_u8(a: u8) -> LongDouble;
    safe fn __slate_f80_ge(a: LongDouble, b: LongDouble) -> bool;
    safe fn __slate_f80_gt(a: LongDouble, b: LongDouble) -> bool;
    safe fn __slate_f80_is_fp_class(a: LongDouble, flags: i32) -> bool;
    safe fn __slate_f80_le(a: LongDouble, b: LongDouble) -> bool;
    safe fn __slate_f80_lt(a: LongDouble, b: LongDouble) -> bool;
    safe fn __slate_f80_mul(a: LongDouble, b: LongDouble) -> LongDouble;
    safe fn __slate_f80_ne(a: LongDouble, b: LongDouble) -> bool;
    safe fn __slate_f80_neg(a: LongDouble) -> LongDouble;
    safe fn __slate_f80_rint(a: LongDouble) -> LongDouble;
    safe fn __slate_f80_round(a: LongDouble) -> LongDouble;
    safe fn __slate_f80_signbit(a: LongDouble) -> bool;
    safe fn __slate_f80_sub(a: LongDouble, b: LongDouble) -> LongDouble;
    safe fn __slate_f80_to_bool(a: LongDouble) -> bool;
    safe fn __slate_f80_to_f32(a: LongDouble) -> f32;
    safe fn __slate_f80_to_f64(a: LongDouble) -> f64;
    safe fn __slate_f80_to_i128(a: LongDouble) -> i128;
    safe fn __slate_f80_to_i16(a: LongDouble) -> i16;
    safe fn __slate_f80_to_i32(a: LongDouble) -> i32;
    safe fn __slate_f80_to_i64(a: LongDouble) -> i64;
    safe fn __slate_f80_to_i8(a: LongDouble) -> i8;
    safe fn __slate_f80_to_u128(a: LongDouble) -> u128;
    safe fn __slate_f80_to_u16(a: LongDouble) -> u16;
    safe fn __slate_f80_to_u32(a: LongDouble) -> u32;
    safe fn __slate_f80_to_u64(a: LongDouble) -> u64;
    safe fn __slate_f80_to_u8(a: LongDouble) -> u8;
    safe fn __slate_f80_trunc(a: LongDouble) -> LongDouble;
    fn __slate_fdiml__rf80_f80_f80(_0: LongDouble, _1: LongDouble) -> LongDouble;
    fn __slate_fmodl__rf80_f80_f80(_0: LongDouble, _1: LongDouble) -> LongDouble;
    fn __slate_frexpl__rf80_f80_pi32(_0: LongDouble, _1: *mut i32) -> LongDouble;
    fn __slate_hypotl__rf80_f80_f80(_0: LongDouble, _1: LongDouble) -> LongDouble;
    fn __slate_ilogbl__ri32_f80(_0: LongDouble) -> i32;
    fn __slate_ldexpl__rf80_f80_i32(_0: LongDouble, _1: i32) -> LongDouble;
    fn __slate_lgammal__rf80_f80(_0: LongDouble) -> LongDouble;
    fn __slate_llrintl__ri64_f80(_0: LongDouble) -> i64;
    fn __slate_llroundl__ri64_f80(_0: LongDouble) -> i64;
    fn __slate_log10l__rf80_f80(_0: LongDouble) -> LongDouble;
    fn __slate_log2l__rf80_f80(_0: LongDouble) -> LongDouble;
    fn __slate_logbl__rf80_f80(_0: LongDouble) -> LongDouble;
    fn __slate_logl__rf80_f80(_0: LongDouble) -> LongDouble;
    fn __slate_lrintl__ri64_f80(_0: LongDouble) -> i64;
    fn __slate_lroundl__ri64_f80(_0: LongDouble) -> i64;
    fn __slate_nanl__rf80_pi8(_0: *const i8) -> LongDouble;
    fn __slate_nextafterl__rf80_f80_f80(_0: LongDouble, _1: LongDouble) -> LongDouble;
    fn __slate_nexttowardl__rf80_f80_f80(_0: LongDouble, _1: LongDouble) -> LongDouble;
    fn __slate_powl__rf80_f80_f80(_0: LongDouble, _1: LongDouble) -> LongDouble;
    fn __slate_printf__ri32_pi8_pi8_f80(_0: *mut i8, _1: *mut i8, _2: LongDouble) -> i32;
    fn __slate_remainderl__rf80_f80_f80(_0: LongDouble, _1: LongDouble) -> LongDouble;
    fn __slate_remquol__rf80_f80_f80_pi32(_0: LongDouble, _1: LongDouble, _2: *mut i32) -> LongDouble;
    fn __slate_scalblnl__rf80_f80_i64(_0: LongDouble, _1: i64) -> LongDouble;
    fn __slate_scalbnl__rf80_f80_i32(_0: LongDouble, _1: i32) -> LongDouble;
    fn __slate_sinhl__rf80_f80(_0: LongDouble) -> LongDouble;
    fn __slate_sinl__rf80_f80(_0: LongDouble) -> LongDouble;
    fn __slate_sqrtl__rf80_f80(_0: LongDouble) -> LongDouble;
    fn __slate_tanhl__rf80_f80(_0: LongDouble) -> LongDouble;
    fn __slate_tanl__rf80_f80(_0: LongDouble) -> LongDouble;
    fn __slate_tgammal__rf80_f80(_0: LongDouble) -> LongDouble;
}
