---
source: tests/snapshot.rs
expression: rust
---
#![feature(c_variadic)]
#![allow(dead_code, unused, non_camel_case_types, non_snake_case, non_upper_case_globals, arithmetic_overflow, suspicious_runtime_symbol_definitions, unpredictable_function_pointer_comparisons, unused_comparisons)]

#[repr(C)]
#[derive(Clone, Copy)]
struct tm {
    tm_sec: i32,
    tm_min: i32,
    tm_hour: i32,
    tm_mday: i32,
    tm_mon: i32,
    tm_year: i32,
    tm_wday: i32,
    tm_yday: i32,
    tm_isdst: i32,
    tm_gmtoff: i64,
    tm_zone: *mut i8,
}


unsafe extern "C" {
    fn gmtime_r(_0: *const i64, _1: *mut tm) -> *mut tm;
    fn localtime_r(_0: *const i64, _1: *mut tm) -> *mut tm;
    fn printf(_0: *const i8, ...) -> i32;
}

fn main() {
    let mut __retval: i32 = 0;
    let mut timestamp: i64 = 0;
    let mut utc: tm = tm { tm_sec: 0, tm_min: 0, tm_hour: 0, tm_mday: 0, tm_mon: 0, tm_year: 0, tm_wday: 0, tm_yday: 0, tm_isdst: 0, tm_gmtoff: 0, tm_zone: std::ptr::null_mut() };
    let mut local: tm = tm { tm_sec: 0, tm_min: 0, tm_hour: 0, tm_mday: 0, tm_mon: 0, tm_year: 0, tm_wday: 0, tm_yday: 0, tm_isdst: 0, tm_gmtoff: 0, tm_zone: std::ptr::null_mut() };
    let mut utc_result: i32 = 0;
    let mut local_result: i32 = 0;
    let _v0: i32 = 0;
    __retval = _v0;
    let _v1: i64 = 0;
    timestamp = _v1;
    utc = tm { tm_sec: 0, tm_min: 0, tm_hour: 0, tm_mday: 0, tm_mon: 0, tm_year: 0, tm_wday: 0, tm_yday: 0, tm_isdst: 0, tm_gmtoff: 0, tm_zone: std::ptr::null_mut() };
    local = tm { tm_sec: 0, tm_min: 0, tm_hour: 0, tm_mday: 0, tm_mon: 0, tm_year: 0, tm_wday: 0, tm_yday: 0, tm_isdst: 0, tm_gmtoff: 0, tm_zone: std::ptr::null_mut() };
    let _v2: *mut tm = unsafe { gmtime_r(std::ptr::addr_of_mut!(timestamp) as *const i64, std::ptr::addr_of_mut!(utc) as *mut tm) };
    let _v3: bool = _v2 == std::ptr::addr_of_mut!(utc);
    let _v4: i32 = _v3 as i32;
    utc_result = _v4;
    let _v5: *mut tm = unsafe { localtime_r(std::ptr::addr_of_mut!(timestamp) as *const i64, std::ptr::addr_of_mut!(local) as *mut tm) };
    let _v6: bool = _v5 == std::ptr::addr_of_mut!(local);
    let _v7: i32 = _v6 as i32;
    local_result = _v7;
    let _v8: *mut i8 = b"%d %d\n\0".as_ptr() as *mut i8;
    let _v9: i32 = utc_result;
    let _v10: i32 = local_result;
    let _v11: i32 = unsafe { printf(_v8 as *const i8, _v9, _v10) };
    let _v12: i32 = 0;
    __retval = _v12;
    let _v13: i32 = __retval;
    std::process::exit(_v13 as i32);
}
