---
source: tests/snapshot.rs
expression: rust
---
#![feature(c_variadic)]
#![allow(dead_code, unused, non_camel_case_types, non_snake_case, non_upper_case_globals, arithmetic_overflow, suspicious_runtime_symbol_definitions, unpredictable_function_pointer_comparisons, unused_comparisons)]

#[repr(C)]
#[derive(Clone, Copy)]
struct Accounting {
    direct: u64,
    indirect: u64,
}


static mut acc: Accounting = Accounting { direct: 0, indirect: 0 };

unsafe extern "C" {
    fn printf(_0: *const i8, ...) -> i32;
}

fn add(arg0: i32, arg1: u64) {
    let mut isDirect: i32 = 0;
    let mut amount: u64 = 0;
    let mut target: *mut u64 = std::ptr::null_mut();
    isDirect = arg0;
    amount = arg1;
    let _v0: i32 = isDirect;
    let _v1: bool = _v0 != 0;
    let _v2: *mut u64 = if _v1 { unsafe { std::ptr::addr_of_mut!(acc.direct) } } else { unsafe { std::ptr::addr_of_mut!(acc.indirect) } };
    target = _v2;
    let _v3: u64 = amount;
    let _v4: *mut u64 = target;
    let _v5: u64 = unsafe { *_v4 };
    let _v6: u64 = _v5 + _v3;
    unsafe {
        *_v4 = _v6;
    }
    return;
}

fn main() {
    let mut __retval: i32 = 0;
    let _v0: i32 = 0;
    __retval = _v0;
    let _v1: i32 = 1;
    let _v2: u64 = 3;
    add(_v1, _v2);
    let _v3: i32 = 0;
    let _v4: u64 = 5;
    add(_v3, _v4);
    let _v5: i32 = 1;
    let _v6: u64 = 7;
    add(_v5, _v6);
    let _v7: *mut i8 = b"%llu %llu\n\0".as_ptr() as *mut i8;
    let _v8: u64 = unsafe { acc.direct };
    let _v9: u64 = unsafe { acc.indirect };
    let _v10: i32 = unsafe { printf(_v7 as *const i8, _v8, _v9) };
    let _v11: i32 = 0;
    __retval = _v11;
    let _v12: i32 = __retval;
    std::process::exit(_v12 as i32);
}
