---
source: tests/snapshot.rs
expression: rust
---
#![feature(c_variadic)]
#![allow(dead_code, unused, non_camel_case_types, non_snake_case, non_upper_case_globals, arithmetic_overflow, suspicious_runtime_symbol_definitions, unpredictable_function_pointer_comparisons, unused_comparisons)]

#[repr(C)]
#[derive(Clone, Copy)]
struct NaturalAfter {
    tag: u8,
    value: u32,
}


#[repr(C)]
#[derive(Clone, Copy)]
struct NaturalBefore {
    tag: u8,
    value: u32,
}


#[repr(C, packed)]
#[derive(Clone, Copy)]
struct PackedOne {
    tag: u8,
    value: u32,
}


#[repr(C, packed(2))]
#[derive(Clone, Copy)]
struct PackedTwo {
    tag: u8,
    value: u32,
}


#[repr(C, packed(2))]
#[derive(Clone, Copy)]
struct PackedTwoAgain {
    tag: u8,
    value: u32,
}


unsafe extern "C" {
    fn printf(_0: *const i8, ...) -> i32;
}

fn main() {
    let mut __retval: i32 = 0;
    let mut packed: PackedOne = PackedOne { tag: 0, value: 0 };
    let _v0: i32 = 0;
    __retval = _v0;
    packed = PackedOne { tag: 29, value: 31 };
    let _v1: *mut i8 = b"%d %d %d %d %d %d %d %d %d %d %d\n\0".as_ptr() as *mut i8;
    let _v2: i32 = std::mem::size_of::<NaturalBefore>() as i32;
    let _v3: i32 = std::mem::offset_of!(NaturalBefore, value) as i32;
    let _v4: i32 = std::mem::size_of::<PackedTwo>() as i32;
    let _v5: i32 = std::mem::align_of::<PackedTwo>() as i32;
    let _v6: i32 = std::mem::offset_of!(PackedTwo, value) as i32;
    let _v7: i32 = 5;
    let _v8: i32 = std::mem::align_of::<PackedOne>() as i32;
    let _v9: i32 = std::mem::offset_of!(PackedOne, value) as i32;
    let _v10: i32 = std::mem::size_of::<PackedTwoAgain>() as i32;
    let _v11: i32 = std::mem::offset_of!(PackedTwoAgain, value) as i32;
    let _v12: i32 = std::mem::offset_of!(NaturalAfter, value) as i32;
    let _v13: i32 = unsafe { printf(_v1 as *const i8, _v2, _v3, _v4, _v5, _v6, _v7, _v8, _v9, _v10, _v11, _v12) };
    let _v14: u8 = packed.tag;
    let _v15: i32 = _v14 as i32;
    let _v16: i32 = 29;
    let _v17: bool = _v15 == _v16;
    let _v18: bool = if _v17 {
        let _v19: u32 = packed.value;
        let _v20: u32 = 31;
        let _v21: bool = _v19 == _v20;
        _v21
    } else {
        let _v22: bool = false;
        _v22
    };
    let _v23: i32 = 0;
    let _v24: i32 = 1;
    let _v25: i32 = if _v18 { _v23 } else { _v24 };
    __retval = _v25;
    let _v26: i32 = __retval;
    std::process::exit(_v26 as i32);
}
