---
source: tests/snapshot.rs
expression: rust
---
#![feature(c_variadic)]
#![allow(dead_code, unused, non_camel_case_types, non_snake_case, non_upper_case_globals, arithmetic_overflow, suspicious_runtime_symbol_definitions, unpredictable_function_pointer_comparisons, unused_comparisons)]

#[repr(C)]
#[derive(Clone, Copy)]
struct buffer {
    start: *mut u8,
    end: *mut u8,
}


unsafe extern "C" {
    fn printf(_0: *const i8, ...) -> i32;
}

fn main() {
    let mut __retval: i32 = 0;
    let mut data: [u8; 4] = [0; 4];
    let mut b: buffer = buffer { start: std::ptr::null_mut(), end: std::ptr::null_mut() };
    let _v0: i32 = 0;
    __retval = _v0;
    data = [65, 66, 67, 0];
    let _v1: *mut u8 = data.as_mut_ptr() as *mut u8;
    b.start = _v1;
    let _v2: *mut u8 = data.as_mut_ptr() as *mut u8;
    let _v3: i32 = 3;
    let _v4: *mut u8 = unsafe { _v2.add(3) };
    b.end = _v4;
    let _v5: *mut i8 = b"%c%c%c\n\0".as_ptr() as *mut i8;
    let _v6: i64 = 0;
    let _v7: *mut u8 = b.start;
    let _v8: *mut u8 = unsafe { _v7.add(0) };
    let _v9: u8 = unsafe { *_v8 };
    let _v10: i32 = _v9 as i32;
    let _v11: i64 = 1;
    let _v12: *mut u8 = b.start;
    let _v13: *mut u8 = unsafe { _v12.add(1) };
    let _v14: u8 = unsafe { *_v13 };
    let _v15: i32 = _v14 as i32;
    let _v16: i64 = 2;
    let _v17: *mut u8 = b.start;
    let _v18: *mut u8 = unsafe { _v17.add(2) };
    let _v19: u8 = unsafe { *_v18 };
    let _v20: i32 = _v19 as i32;
    let _v21: i32 = unsafe { printf(_v5 as *const i8, _v10, _v15, _v20) };
    let _v22: *mut i8 = b"%d\n\0".as_ptr() as *mut i8;
    let _v23: *mut u8 = b.end;
    let _v24: *mut u8 = b.start;
    let _v25: i64 = unsafe { _v23.offset_from(_v24) as i64 };
    let _v26: i32 = _v25 as i32;
    let _v27: i32 = unsafe { printf(_v22 as *const i8, _v26) };
    let _v28: i32 = 0;
    __retval = _v28;
    let _v29: i32 = __retval;
    std::process::exit(_v29 as i32);
}
