---
source: tests/snapshot.rs
expression: rust
---
#![feature(c_variadic)]
#![allow(dead_code, unused, non_camel_case_types, non_snake_case, non_upper_case_globals, arithmetic_overflow, suspicious_runtime_symbol_definitions, unpredictable_function_pointer_comparisons, unused_comparisons)]

static mut main_text: [i8; 3] = [-50, -87, 0];

unsafe extern "C" {
    fn printf(_0: *const i8, ...) -> i32;
}

fn main() {
    let mut __retval: i32 = 0;
    let mut alignment: i32 = 0;
    let mut repeated: i32 = 0;
    let _v0: i32 = 0;
    __retval = _v0;
    let _v1: i32 = 4;
    alignment = _v1;
    let _v2: i64 = 1;
    let _v3: i8 = unsafe { main_text[(_v2 as usize)] };
    let _v4: u8 = _v3 as u8;
    let _v5: i32 = _v4 as i32;
    let _v6: i64 = 1;
    let _v7: i8 = unsafe { main_text[(_v6 as usize)] };
    let _v8: u8 = _v7 as u8;
    let _v9: i32 = _v8 as i32;
    let _v10: i32 = _v5 + _v9;
    repeated = _v10;
    let _v11: *mut i8 = b"%u %u %u %zu %d %d\n\0".as_ptr() as *mut i8;
    let _v12: i64 = 0;
    let _v13: i8 = unsafe { main_text[(_v12 as usize)] };
    let _v14: u8 = _v13 as u8;
    let _v15: i32 = _v14 as i32;
    let _v16: i64 = 1;
    let _v17: i8 = unsafe { main_text[(_v16 as usize)] };
    let _v18: u8 = _v17 as u8;
    let _v19: i32 = _v18 as i32;
    let _v20: i64 = 2;
    let _v21: i8 = unsafe { main_text[(_v20 as usize)] };
    let _v22: u8 = _v21 as u8;
    let _v23: i32 = _v22 as i32;
    let _v24: u64 = 3;
    let _v25: i32 = alignment;
    let _v26: i32 = repeated;
    let _v27: i32 = unsafe { printf(_v11 as *const i8, _v15, _v19, _v23, _v24, _v25, _v26) };
    let _v28: i32 = 0;
    __retval = _v28;
    let _v29: i32 = __retval;
    std::process::exit(_v29 as i32);
}
