---
source: tests/snapshot.rs
expression: rust
---
#![feature(simd_ffi)]
#![feature(portable_simd)]
#![feature(abi_unadjusted)]
#![feature(link_llvm_intrinsics)]
#![feature(c_variadic)]
#![allow(dead_code, unused, non_camel_case_types, non_snake_case, non_upper_case_globals, arithmetic_overflow, suspicious_runtime_symbol_definitions, unpredictable_function_pointer_comparisons, unused_comparisons)]

#[repr(C, packed)]
#[derive(Clone, Copy)]
struct __storeu_si128 {
    __v: [i64; 2],
}


#[repr(C, packed)]
#[derive(Clone, Copy)]
struct __storeu_si256 {
    __v: [i64; 4],
}


unsafe extern "C" {
    fn printf(_0: *const i8, ...) -> i32;
}

#[inline(always)]
fn _mm_set_epi32(arg41: i32, arg42: i32, arg43: i32, arg44: i32) -> [i64; 2] {
    let mut __i3: i32 = 0;
    let mut __i2: i32 = 0;
    let mut __i1: i32 = 0;
    let mut __i0: i32 = 0;
    let mut __retval: aligned::Aligned<aligned::A16, [i64; 2]> = aligned::Aligned([0; 2]);
    __i3 = arg41;
    __i2 = arg42;
    __i1 = arg43;
    __i0 = arg44;
    let _v0: i32 = __i0;
    let _v1: i32 = __i1;
    let _v2: i32 = __i2;
    let _v3: i32 = __i3;
    let _v4: [i32; 4] = [_v0, _v1, _v2, _v3];
    let _v5: [i64; 2] = unsafe { std::mem::transmute::<[i32; 4], [i64; 2]>(_v4) };
    *__retval = _v5;
    let _v6: [i64; 2] = *__retval;
    return _v6;
}

#[inline(always)]
fn _mm_set1_epi32(arg40: i32) -> [i64; 2] {
    let mut __i: i32 = 0;
    let mut __retval: aligned::Aligned<aligned::A16, [i64; 2]> = aligned::Aligned([0; 2]);
    __i = arg40;
    let _v0: i32 = __i;
    let _v1: i32 = __i;
    let _v2: i32 = __i;
    let _v3: i32 = __i;
    let _v4: [i64; 2] = _mm_set_epi32(_v0, _v1, _v2, _v3);
    *__retval = _v4;
    let _v5: [i64; 2] = *__retval;
    return _v5;
}

#[inline(always)]
fn _mm_add_epi32(arg38: [i64; 2], arg39: [i64; 2]) -> [i64; 2] {
    let mut __a: aligned::Aligned<aligned::A16, [i64; 2]> = aligned::Aligned([0; 2]);
    let mut __b: aligned::Aligned<aligned::A16, [i64; 2]> = aligned::Aligned([0; 2]);
    let mut __retval: aligned::Aligned<aligned::A16, [i64; 2]> = aligned::Aligned([0; 2]);
    *__a = arg38;
    *__b = arg39;
    let _v0: [i64; 2] = *__a;
    let _v1: [u32; 4] = unsafe { std::mem::transmute::<[i64; 2], [u32; 4]>(_v0) };
    let _v2: [i64; 2] = *__b;
    let _v3: [u32; 4] = unsafe { std::mem::transmute::<[i64; 2], [u32; 4]>(_v2) };
    let _v4: [u32; 4] = [_v1[0usize] + _v3[0usize], _v1[1usize] + _v3[1usize], _v1[2usize] + _v3[2usize], _v1[3usize] + _v3[3usize]];
    let _v5: [i64; 2] = unsafe { std::mem::transmute::<[u32; 4], [i64; 2]>(_v4) };
    *__retval = _v5;
    let _v6: [i64; 2] = *__retval;
    return _v6;
}

#[inline(always)]
fn _mm_storeu_si128(arg36: *mut [i64; 2], arg37: [i64; 2]) {
    let mut __p: *mut [i64; 2] = std::ptr::null_mut();
    let mut __b: aligned::Aligned<aligned::A16, [i64; 2]> = aligned::Aligned([0; 2]);
    __p = arg36;
    *__b = arg37;
    let _v0: [i64; 2] = *__b;
    let _v1: *mut [i64; 2] = __p;
    let _v2: *mut __storeu_si128 = _v1 as *mut __storeu_si128;
    unsafe {
        (*_v2).__v = _v0;
    }
    return;
}

fn sse2_probe(arg35: *mut i32) {
    let mut out: *mut i32 = std::ptr::null_mut();
    let mut a: aligned::Aligned<aligned::A16, [i64; 2]> = aligned::Aligned([0; 2]);
    let mut b: aligned::Aligned<aligned::A16, [i64; 2]> = aligned::Aligned([0; 2]);
    let mut c: aligned::Aligned<aligned::A16, [i64; 2]> = aligned::Aligned([0; 2]);
    out = arg35;
    let _v0: i32 = 5;
    let _v1: [i64; 2] = _mm_set1_epi32(_v0);
    *a = _v1;
    let _v2: i32 = 3;
    let _v3: [i64; 2] = _mm_set1_epi32(_v2);
    *b = _v3;
    let _v4: [i64; 2] = *a;
    let _v5: [i64; 2] = *b;
    let _v6: [i64; 2] = _mm_add_epi32(_v4, _v5);
    *c = _v6;
    let _v7: *mut i32 = out;
    let _v8: *mut [i64; 2] = _v7 as *mut [i64; 2];
    let _v9: [i64; 2] = *c;
    _mm_storeu_si128(_v8, _v9);
    return;
}

#[inline(always)]
fn _mm_set_epi8(arg19: i8, arg20: i8, arg21: i8, arg22: i8, arg23: i8, arg24: i8, arg25: i8, arg26: i8, arg27: i8, arg28: i8, arg29: i8, arg30: i8, arg31: i8, arg32: i8, arg33: i8, arg34: i8) -> [i64; 2] {
    let mut __b15: i8 = 0;
    let mut __b14: i8 = 0;
    let mut __b13: i8 = 0;
    let mut __b12: i8 = 0;
    let mut __b11: i8 = 0;
    let mut __b10: i8 = 0;
    let mut __b9: i8 = 0;
    let mut __b8: i8 = 0;
    let mut __b7: i8 = 0;
    let mut __b6: i8 = 0;
    let mut __b5: i8 = 0;
    let mut __b4: i8 = 0;
    let mut __b3: i8 = 0;
    let mut __b2: i8 = 0;
    let mut __b1: i8 = 0;
    let mut __b0: i8 = 0;
    let mut __retval: aligned::Aligned<aligned::A16, [i64; 2]> = aligned::Aligned([0; 2]);
    __b15 = arg19;
    __b14 = arg20;
    __b13 = arg21;
    __b12 = arg22;
    __b11 = arg23;
    __b10 = arg24;
    __b9 = arg25;
    __b8 = arg26;
    __b7 = arg27;
    __b6 = arg28;
    __b5 = arg29;
    __b4 = arg30;
    __b3 = arg31;
    __b2 = arg32;
    __b1 = arg33;
    __b0 = arg34;
    let _v0: i8 = __b0;
    let _v1: i8 = __b1;
    let _v2: i8 = __b2;
    let _v3: i8 = __b3;
    let _v4: i8 = __b4;
    let _v5: i8 = __b5;
    let _v6: i8 = __b6;
    let _v7: i8 = __b7;
    let _v8: i8 = __b8;
    let _v9: i8 = __b9;
    let _v10: i8 = __b10;
    let _v11: i8 = __b11;
    let _v12: i8 = __b12;
    let _v13: i8 = __b13;
    let _v14: i8 = __b14;
    let _v15: i8 = __b15;
    let _v16: [i8; 16] = [_v0, _v1, _v2, _v3, _v4, _v5, _v6, _v7, _v8, _v9, _v10, _v11, _v12, _v13, _v14, _v15];
    let _v17: [i64; 2] = unsafe { std::mem::transmute::<[i8; 16], [i64; 2]>(_v16) };
    *__retval = _v17;
    let _v18: [i64; 2] = *__retval;
    return _v18;
}

#[inline(always)]
fn _mm_set1_epi8(arg18: i8) -> [i64; 2] {
    let mut __b: i8 = 0;
    let mut __retval: aligned::Aligned<aligned::A16, [i64; 2]> = aligned::Aligned([0; 2]);
    __b = arg18;
    let _v0: i8 = __b;
    let _v1: i8 = __b;
    let _v2: i8 = __b;
    let _v3: i8 = __b;
    let _v4: i8 = __b;
    let _v5: i8 = __b;
    let _v6: i8 = __b;
    let _v7: i8 = __b;
    let _v8: i8 = __b;
    let _v9: i8 = __b;
    let _v10: i8 = __b;
    let _v11: i8 = __b;
    let _v12: i8 = __b;
    let _v13: i8 = __b;
    let _v14: i8 = __b;
    let _v15: i8 = __b;
    let _v16: [i64; 2] = _mm_set_epi8(_v0, _v1, _v2, _v3, _v4, _v5, _v6, _v7, _v8, _v9, _v10, _v11, _v12, _v13, _v14, _v15);
    *__retval = _v16;
    let _v17: [i64; 2] = *__retval;
    return _v17;
}

#[inline(always)]
fn _mm_setzero_si128() -> [i64; 2] {
    let mut __retval: aligned::Aligned<aligned::A16, [i64; 2]> = aligned::Aligned([0; 2]);
    let _v0: [i64; 2] = [0, 0];
    *__retval = _v0;
    let _v1: [i64; 2] = *__retval;
    return _v1;
}

#[target_feature(enable = "sse3,ssse3")]
#[inline(always)]
unsafe fn _mm_abs_epi8(arg17: [i64; 2]) -> [i64; 2] {
    let mut __a: aligned::Aligned<aligned::A16, [i64; 2]> = aligned::Aligned([0; 2]);
    let mut __retval: aligned::Aligned<aligned::A16, [i64; 2]> = aligned::Aligned([0; 2]);
    *__a = arg17;
    let _v0: [i64; 2] = *__a;
    let _v1: [i8; 16] = unsafe { std::mem::transmute::<[i64; 2], [i8; 16]>(_v0) };
    let _v2: [i8; 16] = [_v1[0usize].wrapping_abs(), _v1[1usize].wrapping_abs(), _v1[2usize].wrapping_abs(), _v1[3usize].wrapping_abs(), _v1[4usize].wrapping_abs(), _v1[5usize].wrapping_abs(), _v1[6usize].wrapping_abs(), _v1[7usize].wrapping_abs(), _v1[8usize].wrapping_abs(), _v1[9usize].wrapping_abs(), _v1[10usize].wrapping_abs(), _v1[11usize].wrapping_abs(), _v1[12usize].wrapping_abs(), _v1[13usize].wrapping_abs(), _v1[14usize].wrapping_abs(), _v1[15usize].wrapping_abs()];
    let _v3: [i64; 2] = unsafe { std::mem::transmute::<[i8; 16], [i64; 2]>(_v2) };
    *__retval = _v3;
    let _v4: [i64; 2] = *__retval;
    return _v4;
}

#[target_feature(enable = "sse3,ssse3")]
#[inline(always)]
unsafe fn _mm_shuffle_epi8(arg15: [i64; 2], arg16: [i64; 2]) -> [i64; 2] {
    let mut __a: aligned::Aligned<aligned::A16, [i64; 2]> = aligned::Aligned([0; 2]);
    let mut __b: aligned::Aligned<aligned::A16, [i64; 2]> = aligned::Aligned([0; 2]);
    let mut __retval: aligned::Aligned<aligned::A16, [i64; 2]> = aligned::Aligned([0; 2]);
    *__a = arg15;
    *__b = arg16;
    let _v0: [i64; 2] = *__a;
    let _v1: [i8; 16] = unsafe { std::mem::transmute::<[i64; 2], [i8; 16]>(_v0) };
    let _v2: [i64; 2] = *__b;
    let _v3: [i8; 16] = unsafe { std::mem::transmute::<[i64; 2], [i8; 16]>(_v2) };
    let _v4: [i8; 16] = unsafe { __slate_intrinsic_x86_ssse3_pshuf_b_128_929309e755183de6(std::simd::Simd::from_array(_v1), std::simd::Simd::from_array(_v3)) }.to_array();
    let _v5: [i64; 2] = unsafe { std::mem::transmute::<[i8; 16], [i64; 2]>(_v4) };
    *__retval = _v5;
    let _v6: [i64; 2] = *__retval;
    return _v6;
}

#[target_feature(enable = "sse3,ssse3")]
unsafe fn ssse3_probe(arg14: *mut i8) {
    let mut out: *mut i8 = std::ptr::null_mut();
    let mut a: aligned::Aligned<aligned::A16, [i64; 2]> = aligned::Aligned([0; 2]);
    let mut idx: aligned::Aligned<aligned::A16, [i64; 2]> = aligned::Aligned([0; 2]);
    let mut abs_a: aligned::Aligned<aligned::A16, [i64; 2]> = aligned::Aligned([0; 2]);
    let mut shuf: aligned::Aligned<aligned::A16, [i64; 2]> = aligned::Aligned([0; 2]);
    out = arg14;
    let _v0: i8 = -1;
    let _v1: [i64; 2] = _mm_set1_epi8(_v0);
    *a = _v1;
    let _v2: [i64; 2] = _mm_setzero_si128();
    *idx = _v2;
    let _v3: [i64; 2] = *a;
    let _v4: [i64; 2] = unsafe { _mm_abs_epi8(_v3) };
    *abs_a = _v4;
    let _v5: [i64; 2] = *abs_a;
    let _v6: [i64; 2] = *idx;
    let _v7: [i64; 2] = unsafe { _mm_shuffle_epi8(_v5, _v6) };
    *shuf = _v7;
    let _v8: *mut i8 = out;
    let _v9: *mut [i64; 2] = _v8 as *mut [i64; 2];
    let _v10: [i64; 2] = *shuf;
    _mm_storeu_si128(_v9, _v10);
    return;
}

#[target_feature(enable = "avx,popcnt,sse3,sse4.1,sse4.2,ssse3,xsave")]
#[inline(always)]
unsafe fn _mm256_set_epi32(arg6: i32, arg7: i32, arg8: i32, arg9: i32, arg10: i32, arg11: i32, arg12: i32, arg13: i32) -> [i64; 4] {
    let mut __i0: i32 = 0;
    let mut __i1: i32 = 0;
    let mut __i2: i32 = 0;
    let mut __i3: i32 = 0;
    let mut __i4: i32 = 0;
    let mut __i5: i32 = 0;
    let mut __i6: i32 = 0;
    let mut __i7: i32 = 0;
    let mut __retval: aligned::Aligned<aligned::A32, [i64; 4]> = aligned::Aligned([0; 4]);
    __i0 = arg6;
    __i1 = arg7;
    __i2 = arg8;
    __i3 = arg9;
    __i4 = arg10;
    __i5 = arg11;
    __i6 = arg12;
    __i7 = arg13;
    let _v0: i32 = __i7;
    let _v1: i32 = __i6;
    let _v2: i32 = __i5;
    let _v3: i32 = __i4;
    let _v4: i32 = __i3;
    let _v5: i32 = __i2;
    let _v6: i32 = __i1;
    let _v7: i32 = __i0;
    let _v8: [i32; 8] = [_v0, _v1, _v2, _v3, _v4, _v5, _v6, _v7];
    let _v9: [i64; 4] = unsafe { std::mem::transmute::<[i32; 8], [i64; 4]>(_v8) };
    *__retval = _v9;
    let _v10: [i64; 4] = *__retval;
    return _v10;
}

#[target_feature(enable = "avx,popcnt,sse3,sse4.1,sse4.2,ssse3,xsave")]
#[inline(always)]
unsafe fn _mm256_set1_epi32(arg5: i32) -> [i64; 4] {
    let mut __i: i32 = 0;
    let mut __retval: aligned::Aligned<aligned::A32, [i64; 4]> = aligned::Aligned([0; 4]);
    __i = arg5;
    let _v0: i32 = __i;
    let _v1: i32 = __i;
    let _v2: i32 = __i;
    let _v3: i32 = __i;
    let _v4: i32 = __i;
    let _v5: i32 = __i;
    let _v6: i32 = __i;
    let _v7: i32 = __i;
    let _v8: [i64; 4] = unsafe { _mm256_set_epi32(_v0, _v1, _v2, _v3, _v4, _v5, _v6, _v7) };
    *__retval = _v8;
    let _v9: [i64; 4] = *__retval;
    return _v9;
}

#[target_feature(enable = "avx,avx2,popcnt,sse3,sse4.1,sse4.2,ssse3,xsave")]
#[inline(always)]
unsafe fn _mm256_add_epi32(arg3: [i64; 4], arg4: [i64; 4]) -> [i64; 4] {
    let mut __a: aligned::Aligned<aligned::A32, [i64; 4]> = aligned::Aligned([0; 4]);
    let mut __b: aligned::Aligned<aligned::A32, [i64; 4]> = aligned::Aligned([0; 4]);
    let mut __retval: aligned::Aligned<aligned::A32, [i64; 4]> = aligned::Aligned([0; 4]);
    *__a = arg3;
    *__b = arg4;
    let _v0: [i64; 4] = *__a;
    let _v1: [u32; 8] = unsafe { std::mem::transmute::<[i64; 4], [u32; 8]>(_v0) };
    let _v2: [i64; 4] = *__b;
    let _v3: [u32; 8] = unsafe { std::mem::transmute::<[i64; 4], [u32; 8]>(_v2) };
    let _v4: [u32; 8] = [_v1[0usize] + _v3[0usize], _v1[1usize] + _v3[1usize], _v1[2usize] + _v3[2usize], _v1[3usize] + _v3[3usize], _v1[4usize] + _v3[4usize], _v1[5usize] + _v3[5usize], _v1[6usize] + _v3[6usize], _v1[7usize] + _v3[7usize]];
    let _v5: [i64; 4] = unsafe { std::mem::transmute::<[u32; 8], [i64; 4]>(_v4) };
    *__retval = _v5;
    let _v6: [i64; 4] = *__retval;
    return _v6;
}

#[target_feature(enable = "avx,popcnt,sse3,sse4.1,sse4.2,ssse3,xsave")]
#[inline(always)]
unsafe fn _mm256_storeu_si256(arg1: *mut [i64; 4], arg2: [i64; 4]) {
    let mut __p: *mut [i64; 4] = std::ptr::null_mut();
    let mut __a: aligned::Aligned<aligned::A32, [i64; 4]> = aligned::Aligned([0; 4]);
    __p = arg1;
    *__a = arg2;
    let _v0: [i64; 4] = *__a;
    let _v1: *mut [i64; 4] = __p;
    let _v2: *mut __storeu_si256 = _v1 as *mut __storeu_si256;
    unsafe {
        (*_v2).__v = _v0;
    }
    return;
}

#[target_feature(enable = "avx,avx2,popcnt,sse3,sse4.1,sse4.2,ssse3,xsave")]
unsafe fn avx2_probe(arg0: *mut i32) {
    let mut out: *mut i32 = std::ptr::null_mut();
    let mut a: aligned::Aligned<aligned::A32, [i64; 4]> = aligned::Aligned([0; 4]);
    let mut b: aligned::Aligned<aligned::A32, [i64; 4]> = aligned::Aligned([0; 4]);
    let mut c: aligned::Aligned<aligned::A32, [i64; 4]> = aligned::Aligned([0; 4]);
    out = arg0;
    let _v0: i32 = 7;
    let _v1: [i64; 4] = unsafe { _mm256_set1_epi32(_v0) };
    *a = _v1;
    let _v2: i32 = 2;
    let _v3: [i64; 4] = unsafe { _mm256_set1_epi32(_v2) };
    *b = _v3;
    let _v4: [i64; 4] = *a;
    let _v5: [i64; 4] = *b;
    let _v6: [i64; 4] = unsafe { _mm256_add_epi32(_v4, _v5) };
    *c = _v6;
    let _v7: *mut i32 = out;
    let _v8: *mut [i64; 4] = _v7 as *mut [i64; 4];
    let _v9: [i64; 4] = *c;
    unsafe { _mm256_storeu_si256(_v8, _v9) };
    return;
}

fn main() {
    let mut __retval: i32 = 0;
    let mut sse2_out: aligned::Aligned<aligned::A16, [i32; 4]> = aligned::Aligned([0; 4]);
    let mut ssse3_out: aligned::Aligned<aligned::A16, [i8; 16]> = aligned::Aligned([0; 16]);
    let mut avx2_out: aligned::Aligned<aligned::A16, [i32; 8]> = aligned::Aligned([0; 8]);
    let _v0: i32 = 0;
    __retval = _v0;
    let _v1: *mut i32 = sse2_out.as_mut_ptr() as *mut i32;
    sse2_probe(_v1);
    let _v2: *mut i8 = ssse3_out.as_mut_ptr() as *mut i8;
    unsafe { ssse3_probe(_v2) };
    let _v3: *mut i32 = avx2_out.as_mut_ptr() as *mut i32;
    unsafe { avx2_probe(_v3) };
    let _v4: *mut i8 = b"%d %d %d %d\n\0".as_ptr() as *mut i8;
    let _v5: i64 = 0;
    let _v6: i32 = sse2_out[(_v5 as usize)];
    let _v7: i64 = 1;
    let _v8: i32 = sse2_out[(_v7 as usize)];
    let _v9: i64 = 2;
    let _v10: i32 = sse2_out[(_v9 as usize)];
    let _v11: i64 = 3;
    let _v12: i32 = sse2_out[(_v11 as usize)];
    let _v13: i32 = unsafe { printf(_v4 as *const i8, _v6, _v8, _v10, _v12) };
    let _v14: *mut i8 = b"%d %d\n\0".as_ptr() as *mut i8;
    let _v15: i64 = 0;
    let _v16: i8 = ssse3_out[(_v15 as usize)];
    let _v17: i32 = _v16 as i32;
    let _v18: i64 = 15;
    let _v19: i8 = ssse3_out[(_v18 as usize)];
    let _v20: i32 = _v19 as i32;
    let _v21: i32 = unsafe { printf(_v14 as *const i8, _v17, _v20) };
    let _v22: *mut i8 = b"%d %d %d %d %d %d %d %d\n\0".as_ptr() as *mut i8;
    let _v23: i64 = 0;
    let _v24: i32 = avx2_out[(_v23 as usize)];
    let _v25: i64 = 1;
    let _v26: i32 = avx2_out[(_v25 as usize)];
    let _v27: i64 = 2;
    let _v28: i32 = avx2_out[(_v27 as usize)];
    let _v29: i64 = 3;
    let _v30: i32 = avx2_out[(_v29 as usize)];
    let _v31: i64 = 4;
    let _v32: i32 = avx2_out[(_v31 as usize)];
    let _v33: i64 = 5;
    let _v34: i32 = avx2_out[(_v33 as usize)];
    let _v35: i64 = 6;
    let _v36: i32 = avx2_out[(_v35 as usize)];
    let _v37: i64 = 7;
    let _v38: i32 = avx2_out[(_v37 as usize)];
    let _v39: i32 = unsafe { printf(_v22 as *const i8, _v24, _v26, _v28, _v30, _v32, _v34, _v36, _v38) };
    let _v40: i32 = 0;
    __retval = _v40;
    let _v41: i32 = __retval;
    std::process::exit(_v41 as i32);
}

unsafe extern "unadjusted" {
    #[link_name = "llvm.x86.ssse3.pshuf.b.128"]
    fn __slate_intrinsic_x86_ssse3_pshuf_b_128_929309e755183de6(_0: std::simd::Simd<i8, 16>, _1: std::simd::Simd<i8, 16>) -> std::simd::Simd<i8, 16>;
}
