---
source: tests/snapshot.rs
expression: rust
---
#![feature(c_variadic)]
#![allow(dead_code, unused, non_camel_case_types, non_snake_case, non_upper_case_globals, arithmetic_overflow, suspicious_runtime_symbol_definitions, unpredictable_function_pointer_comparisons, unused_comparisons)]

#[repr(C)]
#[allow(non_camel_case_types)]
#[derive(Clone, Copy, PartialEq, Eq, Debug, Hash)]
enum _unnamed_at__home_takashi_Projects_slate_tests_fixtures_anonymous_enum_record_field_c_4_3_ {
    IN_THEN = 0,
    IN_ELIF = 4,
    IN_ELSE = 5,
}


#[repr(C)]
#[derive(Clone, Copy)]
struct Conditional {
    ctx: _unnamed_at__home_takashi_Projects_slate_tests_fixtures_anonymous_enum_record_field_c_4_3_,
}


unsafe extern "C" {
    fn printf(_0: *const i8, ...) -> i32;
}

fn main() {
    let mut __retval: i32 = 0;
    let mut conditional: Conditional = Conditional { ctx: _unnamed_at__home_takashi_Projects_slate_tests_fixtures_anonymous_enum_record_field_c_4_3_::IN_THEN };
    let _v0: i32 = 0;
    __retval = _v0;
    conditional = Conditional { ctx: _unnamed_at__home_takashi_Projects_slate_tests_fixtures_anonymous_enum_record_field_c_4_3_::IN_THEN };
    let _v1: u32 = 5;
    conditional.ctx = _unnamed_at__home_takashi_Projects_slate_tests_fixtures_anonymous_enum_record_field_c_4_3_::IN_ELSE;
    let _v2: *mut i8 = b"%d %d\n\0".as_ptr() as *mut i8;
    let _v3: u32 = conditional.ctx as u32;
    let _v4: i32 = _v3 as i32;
    let _v5: i32 = 4;
    let _v6: i32 = unsafe { printf(_v2 as *const i8, _v4, _v5) };
    let _v7: i32 = __retval;
    std::process::exit(_v7 as i32);
}
