---
source: tests/snapshot.rs
expression: rust
---
#![feature(c_variadic)]
#![allow(dead_code, unused, non_camel_case_types, non_snake_case, non_upper_case_globals, arithmetic_overflow, suspicious_runtime_symbol_definitions, unpredictable_function_pointer_comparisons, unused_comparisons)]

unsafe extern "C" {
    fn printf(_0: *const i8, ...) -> i32;
}

fn sum_char_array() -> i32 {
    let mut __retval: i32 = 0;
    let mut values: [i8; 3] = [0; 3];
    let _v0: i8 = 2;
    let _v1: i64 = 0;
    values[(_v1 as usize)] = _v0;
    let _v2: i8 = 5;
    let _v3: i64 = 1;
    values[(_v3 as usize)] = _v2;
    let _v4: i64 = 0;
    let _v5: i8 = values[(_v4 as usize)];
    let _v6: i32 = _v5 as i32;
    let _v7: i64 = 1;
    let _v8: i8 = values[(_v7 as usize)];
    let _v9: i32 = _v8 as i32;
    let _v10: i32 = _v6 + _v9;
    let _v11: i8 = _v10 as i8;
    let _v12: i64 = 2;
    values[(_v12 as usize)] = _v11;
    let _v13: i64 = 2;
    let _v14: i8 = values[(_v13 as usize)];
    let _v15: i32 = _v14 as i32;
    __retval = _v15;
    let _v16: i32 = __retval;
    return _v16;
}

fn pick_double_array(arg0: i32) -> f64 {
    let mut index: i32 = 0;
    let mut __retval: f64 = 0.0;
    let mut values: aligned::Aligned<aligned::A16, [f64; 3]> = aligned::Aligned([0.0; 3]);
    index = arg0;
    let _v0: f64 = 1.25;
    let _v1: i64 = 0;
    values[(_v1 as usize)] = _v0;
    let _v2: f64 = 2.5;
    let _v3: i64 = 1;
    values[(_v3 as usize)] = _v2;
    let _v4: i64 = 0;
    let _v5: f64 = values[(_v4 as usize)];
    let _v6: i64 = 1;
    let _v7: f64 = values[(_v6 as usize)];
    let _v8: f64 = _v5 + _v7;
    let _v9: i64 = 2;
    values[(_v9 as usize)] = _v8;
    let _v10: i32 = index;
    let _v11: i64 = _v10 as i64;
    let _v12: f64 = values[(_v11 as usize)];
    __retval = _v12;
    let _v13: f64 = __retval;
    return _v13;
}

fn main() {
    let mut __retval: i32 = 0;
    let _v0: i32 = 0;
    __retval = _v0;
    let _v1: *mut i8 = b"%d\n\0".as_ptr() as *mut i8;
    let _v2: i32 = sum_char_array();
    let _v3: i32 = unsafe { printf(_v1 as *const i8, _v2) };
    let _v4: *mut i8 = b"%.2f\n\0".as_ptr() as *mut i8;
    let _v5: i32 = 2;
    let _v6: f64 = pick_double_array(_v5);
    let _v7: i32 = unsafe { printf(_v4 as *const i8, _v6) };
    let _v8: i32 = 0;
    __retval = _v8;
    let _v9: i32 = __retval;
    std::process::exit(_v9 as i32);
}
