---
source: tests/snapshot.rs
expression: rust
---
#![feature(thread_local)]
#![feature(c_variadic)]
#![allow(dead_code, unused, non_camel_case_types, non_snake_case, non_upper_case_globals, arithmetic_overflow, suspicious_runtime_symbol_definitions, unpredictable_function_pointer_comparisons, unused_comparisons)]

#[deprecated(note = "C23 warning directive probe")]
const __SLATE_WARNING_0: () = {  };

const _: () = __SLATE_WARNING_0;

#[repr(C)]
#[allow(non_camel_case_types)]
#[derive(Clone, Copy, PartialEq, Eq, Debug, Hash)]
enum C23Fixed {
    C23_FIXED_FIRST = 0,
    C23_FIXED_SECOND = 1,
}


#[repr(C)]
#[allow(non_camel_case_types)]
#[derive(Clone, Copy, PartialEq, Eq, Debug, Hash)]
enum C23Wide {
    C23_WIDE_VALUE = 0,
}


#[repr(C)]
#[derive(Clone, Copy)]
struct C23Empty {
    first: i32,
    second: i32,
}


static mut c23_embedded: [u8; 3] = [67, 50, 51];

static mut c23_file_constant: i32 = 59;

static mut c23_never_flag: i32 = 0;

#[thread_local]
static mut c23_thread_value: i32 = 53;

static mut main_utf8_text: [u8; 3] = [206, 169, 0];

unsafe extern "C" {
    fn exit(_0: i32) -> !;
    fn printf(_0: *const i8, ...) -> i32;
}

struct __SlateVaArg {
    value: Box<dyn std::any::Any>,
    size: usize,
}

impl __SlateVaArg {
    fn new<T: 'static>(value: T) -> Self {
        Self { value: Box::new(value), size: std::mem::size_of::<T>() }
    }

    fn read<T: Copy + 'static>(&self) -> T {
        if let Some(value) = self.value.downcast_ref::<T>() {
            return *value;
        }
        assert!(self.size >= std::mem::size_of::<T>());
        unsafe {
            std::ptr::read_unaligned(
                (self.value.as_ref() as *const dyn std::any::Any) as *const () as *const T,
            )
        }
    }
}

#[derive(Clone)]
struct __SlateVaArgs {
    args: Option<std::rc::Rc<Vec<__SlateVaArg>>>,
    index: usize,
}

impl __SlateVaArgs {
    fn new(args: Vec<__SlateVaArg>) -> Self {
        Self { args: Some(std::rc::Rc::new(args)), index: 0 }
    }

    const fn empty() -> Self {
        Self { args: None, index: 0 }
    }

    fn next_arg<T: Copy + 'static>(&mut self) -> T {
        if std::mem::size_of::<T>() == 0 {
            return unsafe { std::mem::zeroed() };
        }
        let args = self.args.as_ref().expect("va_arg with no arguments");
        let value = args[self.index].read::<T>();
        self.index += 1;
        value
    }
}

#[must_use]
fn c23_nodiscard_value() -> i32 {
    let mut __retval: i32 = 0;
    let _v0: i32 = 47;
    __retval = _v0;
    let _v1: i32 = __retval;
    return _v1;
}

fn c23_unnamed_parameter(arg2: i32, arg3: i32) -> i32 {
    let mut _51: i32 = 0;
    let mut value: i32 = 0;
    let mut __retval: i32 = 0;
    _51 = arg2;
    value = arg3;
    let _v0: i32 = value;
    __retval = _v0;
    let _v1: i32 = __retval;
    return _v1;
}

fn c23_label_declaration(arg1: i32) -> i32 {
    let mut value: i32 = 0;
    let mut __retval: i32 = 0;
    let mut result: i32 = 0;
    let mut __state0: i32 = 0;
    '__dispatch0: loop {
        match __state0 {
            0 => {
                value = arg1;
                __state0 = 1;
                continue '__dispatch0;
            }
            1 => {
                let _v0: i32 = value;
                let _v1: i32 = 1;
                let _v2: i32 = _v0 + _v1;
                result = _v2;
                let _v3: i32 = result;
                __retval = _v3;
                let _v4: i32 = __retval;
                return _v4;
            }
            _ => {
                unreachable!();
            }
        }
    }
}

fn c23_switch_fallthrough(arg0: i32) -> i32 {
    let mut value: i32 = 0;
    let mut __retval: i32 = 0;
    let mut result: i32 = 0;
    value = arg0;
    let _v0: i32 = 0;
    result = _v0;
    {
        let _v1: i32 = value;
        {
            let __switch_value0 = _v1;
            let mut __switch_case0: i32 = match __switch_value0 { 1 => 0, 2 => 1, _ => 2 };
            '__switch0: loop {
                match __switch_case0 {
                    0 => {
                        let _v2: i32 = 3;
                        let _v3: i32 = result;
                        let _v4: i32 = _v3 + _v2;
                        result = _v4;
                        __switch_case0 = 1;
                        continue '__switch0;
                    }
                    1 => {
                        let _v5: i32 = 5;
                        let _v6: i32 = result;
                        let _v7: i32 = _v6 + _v5;
                        result = _v7;
                        break '__switch0;
                    }
                    2 => {
                        break '__switch0;
                    }
                    _ => {
                        break '__switch0;
                    }
                }
            }
        }
    }
    let _v8: i32 = result;
    __retval = _v8;
    let _v9: i32 = __retval;
    return _v9;
}

unsafe fn c23_relaxed_variadic(mut __slate_va_args: __SlateVaArgs) -> i32 {
    let mut __retval: i32 = 0;
    let mut arguments: __SlateVaArgs = __SlateVaArgs::empty();
    let mut first: i32 = 0;
    let mut second: i32 = 0;
    unsafe {
        arguments = __slate_va_args.clone();
    }
    let _v0: i32 = unsafe { arguments.next_arg::<i32>() };
    first = _v0;
    let _v1: i32 = unsafe { arguments.next_arg::<i32>() };
    second = _v1;
    let _v2: i32 = first;
    let _v3: i32 = second;
    let _v4: i32 = _v2 + _v3;
    __retval = _v4;
    let _v5: i32 = __retval;
    return _v5;
}

fn c23_never_return() -> ! {
    let _v0: i32 = 99;
    unsafe { exit(_v0 as i32) }
}

fn c23_label_before_brace() {
    let mut __state0: i32 = 0;
    '__dispatch0: loop {
        match __state0 {
            0 => {
                __state0 = 1;
                continue '__dispatch0;
            }
            1 => {
                return;
            }
            _ => {
                break '__dispatch0;
            }
        }
    }
}

fn main() {
    let mut __retval: i32 = 0;
    let mut local_constant: i32 = 0;
    let mut aligned_value: aligned::Aligned<aligned::A32, i32> = aligned::Aligned(0);
    let mut inferred_value: i32 = 0;
    let mut same_type_value: i32 = 0;
    let mut qualified_value: i32 = 0;
    let mut unqualified_value: i32 = 0;
    let mut signed_precise: aligned::Aligned<aligned::A4, bitint::BInt<17, 1, 4>> = aligned::Aligned(bitint::BInt::<17, 1, 4>::ZERO);
    let mut unsigned_precise: aligned::Aligned<aligned::A4, bitint::BUint<17, 1, 4>> = aligned::Aligned(bitint::BUint::<17, 1, 4>::ZERO);
    let mut binary_value: i32 = 0;
    let mut utf8_character: u8 = 0;
    let mut empty_struct: C23Empty = C23Empty { first: 0, second: 0 };
    let mut empty_array: [i32; 3] = [0; 3];
    let mut qualified_array: [i32; 3] = [0; 3];
    let mut fixed_value: u16 = 0;
    let mut wide_value: u64 = 0;
    let mut null_value: *mut core::ffi::c_void = std::ptr::null_mut();
    let mut null_pointer: *mut i32 = std::ptr::null_mut();
    let mut boolean_value: bool = false;
    let mut false_value: bool = false;
    let mut static_compound_value: i32 = 0;
    let mut language_total: i32 = 0;
    let mut attribute_total: i32 = 0;
    let mut preprocessor_total: i32 = 0;
    let mut type_total: i32 = 0;
    let mut control_total: i32 = 0;
    let mut removal_total: i32 = 0;
    let _v0: i32 = 0;
    __retval = _v0;
    let _v1: i32 = 61;
    local_constant = _v1;
    let _v2: i32 = 3;
    *aligned_value = _v2;
    let _v3: i32 = 67;
    inferred_value = _v3;
    let _v4: i32 = 71;
    same_type_value = _v4;
    let _v5: i32 = 73;
    qualified_value = _v5;
    let _v6: i32 = 79;
    unqualified_value = _v6;
    let _v7: i32 = 5;
    let _v8: bitint::BInt<17, 1, 4> = bitint::BInt::<17, 1, 4>::from_decimal_str("-12345");
    *signed_precise = _v8;
    let _v9: bitint::BUint<17, 1, 4> = bitint::BUint::<17, 1, 4>::from_decimal_str("100000");
    *unsigned_precise = _v9;
    let _v10: i32 = 165;
    binary_value = _v10;
    let _v11: u8 = 90;
    utf8_character = _v11;
    empty_struct = C23Empty { first: 0, second: 0 };
    empty_array = [0, 0, 0];
    qualified_array = [2, 3, 5];
    let _v12: u16 = 37;
    fixed_value = _v12;
    let _v13: u64 = 8589934591u64;
    wide_value = _v13;
    let _v14: *mut core::ffi::c_void = std::ptr::null_mut();
    null_value = _v14;
    let _v15: *mut i32 = std::ptr::null_mut();
    null_pointer = _v15;
    let _v16: bool = true;
    boolean_value = _v16;
    let _v17: bool = false;
    false_value = _v17;
    let _v18: i32 = 83;
    static_compound_value = _v18;
    let _v19: i32 = unsafe { c23_file_constant };
    let _v20: i32 = local_constant;
    let _v21: i32 = _v19 + _v20;
    let _v22: i32 = inferred_value;
    let _v23: i32 = _v21 + _v22;
    let _v24: i32 = same_type_value;
    let _v25: i32 = _v23 + _v24;
    let _v26: i32 = unqualified_value;
    let _v27: i32 = _v25 + _v26;
    let _v28: bitint::BInt<17, 1, 4> = *signed_precise;
    let _v29: i32 = _v28.to_i128() as i32;
    let _v30: i32 = _v27 + _v29;
    let _v31: bitint::BUint<17, 1, 4> = *unsigned_precise;
    let _v32: i32 = _v31.to_u128() as i32;
    let _v33: i32 = _v30 + _v32;
    let _v34: i32 = binary_value;
    let _v35: i32 = _v33 + _v34;
    let _v36: i32 = *aligned_value;
    let _v37: i32 = _v35 + _v36;
    let _v38: u64 = _v37 as u64;
    let _v39: u64 = 4;
    let _v40: u64 = _v38 + _v39;
    let _v41: u64 = _v7 as u64;
    let _v42: u64 = _v40 + _v41;
    let _v43: u8 = utf8_character;
    let _v44: u64 = _v43 as u64;
    let _v45: u64 = _v42 + _v44;
    let _v46: i64 = 0;
    let _v47: u8 = unsafe { main_utf8_text[(_v46 as usize)] };
    let _v48: u64 = _v47 as u64;
    let _v49: u64 = _v45 + _v48;
    let _v50: i64 = 1;
    let _v51: u8 = unsafe { main_utf8_text[(_v50 as usize)] };
    let _v52: u64 = _v51 as u64;
    let _v53: u64 = _v49 + _v52;
    let _v54: i32 = empty_struct.first;
    let _v55: u64 = _v54 as u64;
    let _v56: u64 = _v53 + _v55;
    let _v57: i64 = 0;
    let _v58: i32 = empty_array[(_v57 as usize)];
    let _v59: u64 = _v58 as u64;
    let _v60: u64 = _v56 + _v59;
    let _v61: i64 = 0;
    let _v62: i32 = qualified_array[(_v61 as usize)];
    let _v63: u64 = _v62 as u64;
    let _v64: u64 = _v60 + _v63;
    let _v65: i64 = 2;
    let _v66: i32 = qualified_array[(_v65 as usize)];
    let _v67: u64 = _v66 as u64;
    let _v68: u64 = _v64 + _v67;
    let _v69: u16 = fixed_value;
    let _v70: u64 = _v69 as u64;
    let _v71: u64 = _v68 + _v70;
    let _v72: u64 = wide_value;
    let _v73: u64 = 8589934591u64;
    let _v74: bool = _v72 == _v73;
    let _v75: i32 = _v74 as i32;
    let _v76: u64 = _v75 as u64;
    let _v77: u64 = _v71 + _v76;
    let _v78: i32 = static_compound_value;
    let _v79: u64 = _v78 as u64;
    let _v80: u64 = _v77 + _v79;
    let _v81: u64 = 7;
    let _v82: u64 = _v80 + _v81;
    let _v83: i32 = 11;
    let _v84: i32 = 13;
    let _v85: i32 = _v83 + _v84;
    let _v86: u64 = _v85 as u64;
    let _v87: u64 = _v82 + _v86;
    let _v88: i32 = _v87 as i32;
    language_total = _v88;
    let _v89: i32 = c23_nodiscard_value();
    attribute_total = _v89;
    let _v90: i32 = 23;
    let _v91: i32 = 29;
    let _v92: i32 = _v90 + _v91;
    let _v93: i32 = 1;
    let _v94: i32 = _v92 + _v93;
    let _v95: i32 = 1;
    let _v96: i32 = _v94 + _v95;
    let _v97: i32 = 0;
    let _v98: i32 = _v96 + _v97;
    let _v99: i32 = 0;
    let _v100: i32 = _v98 + _v99;
    let _v101: i32 = 0;
    let _v102: i32 = _v100 + _v101;
    let _v103: i32 = 0;
    let _v104: i32 = _v102 + _v103;
    let _v105: i64 = 0;
    let _v106: u8 = unsafe { c23_embedded[(_v105 as usize)] };
    let _v107: i32 = _v106 as i32;
    let _v108: i32 = _v104 + _v107;
    let _v109: i64 = 1;
    let _v110: u8 = unsafe { c23_embedded[(_v109 as usize)] };
    let _v111: i32 = _v110 as i32;
    let _v112: i32 = _v108 + _v111;
    let _v113: i64 = 2;
    let _v114: u8 = unsafe { c23_embedded[(_v113 as usize)] };
    let _v115: i32 = _v114 as i32;
    let _v116: i32 = _v112 + _v115;
    preprocessor_total = _v116;
    let _v117: *mut core::ffi::c_void = std::ptr::null_mut();
    let _v118: *mut core::ffi::c_void = std::ptr::null_mut();
    let _v119: bool = _v117 == _v118;
    let _v120: i32 = _v119 as i32;
    let _v121: *mut i32 = null_pointer;
    let _v122: *mut i32 = std::ptr::null_mut();
    let _v123: bool = _v121 == _v122;
    let _v124: i32 = _v123 as i32;
    let _v125: i32 = _v120 + _v124;
    let _v126: bool = boolean_value;
    let _v127: i32 = _v126 as i32;
    let _v128: i32 = _v125 + _v127;
    let _v129: bool = false_value;
    let _v130: bool = !_v129;
    let _v131: i32 = _v130 as i32;
    let _v132: i32 = _v128 + _v131;
    let _v133: i32 = unsafe { c23_thread_value };
    let _v134: i32 = _v132 + _v133;
    type_total = _v134;
    let _v135: i32 = 89;
    let _v136: i32 = 97;
    let _v137: i32 = c23_unnamed_parameter(_v135, _v136);
    let _v138: i32 = 101;
    let _v139: i32 = c23_label_declaration(_v138);
    let _v140: i32 = _v137 + _v139;
    let _v141: i32 = 1;
    let _v142: i32 = c23_switch_fallthrough(_v141);
    let _v143: i32 = _v140 + _v142;
    let _v144: i32 = 103;
    let _v145: i32 = 107;
    let _v146: i32 = unsafe { c23_relaxed_variadic(__SlateVaArgs::new(vec![__SlateVaArg::new(_v144), __SlateVaArg::new(_v145)])) };
    let _v147: i32 = _v143 + _v146;
    control_total = _v147;
    let _v148: i64 = 202311;
    let _v149: i64 = 202311;
    let _v150: bool = _v148 == _v149;
    let _v151: i32 = _v150 as i32;
    removal_total = _v151;
    {
        let _v152: i32 = unsafe { std::ptr::read_volatile(std::ptr::addr_of!(c23_never_flag)) };
        let _v153: bool = _v152 != 0;
        if _v153 {
            c23_never_return();
        }
    }
    c23_label_before_brace();
    let _v154: *mut i8 = b"%d %d %d %d %d %d\n\0".as_ptr() as *mut i8;
    let _v155: i32 = language_total;
    let _v156: i32 = attribute_total;
    let _v157: i32 = preprocessor_total;
    let _v158: i32 = type_total;
    let _v159: i32 = control_total;
    let _v160: i32 = removal_total;
    let _v161: i32 = unsafe { printf(_v154 as *const i8, _v155, _v156, _v157, _v158, _v159, _v160) };
    let _v162: i32 = 0;
    __retval = _v162;
    let _v163: i32 = __retval;
    std::process::exit(_v163 as i32);
}
