---
source: tests/snapshot.rs
expression: rust
---
#![feature(c_variadic)]
#![allow(dead_code, unused, non_camel_case_types, non_snake_case, non_upper_case_globals, arithmetic_overflow, suspicious_runtime_symbol_definitions, unpredictable_function_pointer_comparisons, unused_comparisons)]

unsafe extern "C" {
    fn __muldc3(a: f64, b: f64, c: f64, d: f64) -> num_complex::Complex<f64>;
    fn __divdc3(a: f64, b: f64, c: f64, d: f64) -> num_complex::Complex<f64>;
    fn __mulsc3(a: f32, b: f32, c: f32, d: f32) -> num_complex::Complex<f32>;
    fn __divsc3(a: f32, b: f32, c: f32, d: f32) -> num_complex::Complex<f32>;
}

#[repr(C, align(16))]
#[derive(Clone, Copy)]
struct LongDouble([u8; 10]);

impl core::ops::Add for LongDouble {
    type Output = LongDouble;
    fn add(self, o: LongDouble) -> LongDouble { __slate_f80_add(self, o) }
}

impl core::ops::Sub for LongDouble {
    type Output = LongDouble;
    fn sub(self, o: LongDouble) -> LongDouble { __slate_f80_sub(self, o) }
}

impl core::ops::Mul for LongDouble {
    type Output = LongDouble;
    fn mul(self, o: LongDouble) -> LongDouble { __slate_f80_mul(self, o) }
}

impl core::ops::Div for LongDouble {
    type Output = LongDouble;
    fn div(self, o: LongDouble) -> LongDouble { __slate_f80_div(self, o) }
}

impl core::ops::AddAssign for LongDouble {
    fn add_assign(&mut self, o: LongDouble) { {
    *self = __slate_f80_add(*self, o);
} }
}

impl core::ops::SubAssign for LongDouble {
    fn sub_assign(&mut self, o: LongDouble) { {
    *self = __slate_f80_sub(*self, o);
} }
}

impl core::ops::MulAssign for LongDouble {
    fn mul_assign(&mut self, o: LongDouble) { {
    *self = __slate_f80_mul(*self, o);
} }
}

impl core::ops::DivAssign for LongDouble {
    fn div_assign(&mut self, o: LongDouble) { {
    *self = __slate_f80_div(*self, o);
} }
}

impl core::ops::Neg for LongDouble {
    type Output = LongDouble;
    fn neg(self) -> LongDouble { __slate_f80_neg(self) }
}

impl core::cmp::PartialEq for LongDouble {
    fn eq(&self, other: &LongDouble) -> bool { __slate_f80_eq(*self, *other) }
}

impl core::cmp::PartialOrd for LongDouble {
    fn partial_cmp(&self, other: &LongDouble) -> Option<std::cmp::Ordering> { if __slate_f80_lt(*self, *other) { Some(std::cmp::Ordering::Less) } else { if __slate_f80_gt(*self, *other) { Some(std::cmp::Ordering::Greater) } else { if __slate_f80_eq(*self, *other) { Some(std::cmp::Ordering::Equal) } else { None } } } }
}

#[repr(C)]
#[allow(non_camel_case_types)]
#[derive(Clone, Copy, PartialEq, Eq, Debug, Hash)]
enum C99TrailingComma {
    C99_ENUM_VALUE = 17,
}


#[repr(C)]
#[derive(Clone, Copy)]
struct C99Flexible {
    count: u64,
    values: [i32; 0],
}


#[repr(C)]
#[derive(Clone, Copy)]
struct C99Pair {
    first: i32,
    second: i32,
}


static mut c99_external_identifier_with_more_than_thirty_one_significant_characters: i32 = 5;

static mut slash_comment_value: i32 = 3;

unsafe extern "C" {
    fn malloc(_0: usize) -> *mut core::ffi::c_void;
    fn free(_0: *mut core::ffi::c_void);
    fn feclearexcept(_0: i32) -> i32;
    fn fetestexcept(_0: i32) -> i32;
    fn printf(_0: *const i8, ...) -> i32;
}

fn c99_vm_sum(arg39: i32, arg40: *mut i32) -> i32 {
    let mut length: i32 = 0;
    let mut values: *mut i32 = std::ptr::null_mut();
    let mut __retval: i32 = 0;
    let mut total: i32 = 0;
    length = arg39;
    values = arg40;
    let _v0: i32 = 0;
    total = _v0;
    {
        let mut index: i32 = 0;
        let _v1: i32 = 0;
        index = _v1;
        loop {
            let _v2: i32 = index;
            let _v3: i32 = length;
            let _v4: bool = _v2 < _v3;
            if !_v4 {
                break;
            }
            {
                let _v5: i32 = index;
                let _v6: i64 = _v5 as i64;
                let _v7: *mut i32 = values;
                let _v8: *mut i32 = unsafe { _v7.offset(_v6 as isize) };
                let _v9: i32 = unsafe { *_v8 };
                let _v10: i32 = total;
                let _v11: i32 = _v10 + _v9;
                total = _v11;
            }
            let _v12: i32 = index;
            let _v13: i32 = _v12 + 1;
            index = _v13;
        }
    }
    let _v14: i32 = total;
    __retval = _v14;
    let _v15: i32 = __retval;
    return _v15;
}

fn sum3(arg36: i32, arg37: i32, arg38: i32) -> i32 {
    let mut first: i32 = 0;
    let mut second: i32 = 0;
    let mut third: i32 = 0;
    let mut __retval: i32 = 0;
    first = arg36;
    second = arg37;
    third = arg38;
    let _v0: i32 = first;
    let _v1: i32 = second;
    let _v2: i32 = _v0 + _v1;
    let _v3: i32 = third;
    let _v4: i32 = _v2 + _v3;
    __retval = _v4;
    let _v5: i32 = __retval;
    return _v5;
}

fn c99_thirty_two_parameters(arg4: i32, arg5: i32, arg6: i32, arg7: i32, arg8: i32, arg9: i32, arg10: i32, arg11: i32, arg12: i32, arg13: i32, arg14: i32, arg15: i32, arg16: i32, arg17: i32, arg18: i32, arg19: i32, arg20: i32, arg21: i32, arg22: i32, arg23: i32, arg24: i32, arg25: i32, arg26: i32, arg27: i32, arg28: i32, arg29: i32, arg30: i32, arg31: i32, arg32: i32, arg33: i32, arg34: i32, arg35: i32) -> i32 {
    let mut p01: i32 = 0;
    let mut p02: i32 = 0;
    let mut p03: i32 = 0;
    let mut p04: i32 = 0;
    let mut p05: i32 = 0;
    let mut p06: i32 = 0;
    let mut p07: i32 = 0;
    let mut p08: i32 = 0;
    let mut p09: i32 = 0;
    let mut p10: i32 = 0;
    let mut p11: i32 = 0;
    let mut p12: i32 = 0;
    let mut p13: i32 = 0;
    let mut p14: i32 = 0;
    let mut p15: i32 = 0;
    let mut p16: i32 = 0;
    let mut p17: i32 = 0;
    let mut p18: i32 = 0;
    let mut p19: i32 = 0;
    let mut p20: i32 = 0;
    let mut p21: i32 = 0;
    let mut p22: i32 = 0;
    let mut p23: i32 = 0;
    let mut p24: i32 = 0;
    let mut p25: i32 = 0;
    let mut p26: i32 = 0;
    let mut p27: i32 = 0;
    let mut p28: i32 = 0;
    let mut p29: i32 = 0;
    let mut p30: i32 = 0;
    let mut p31: i32 = 0;
    let mut p32: i32 = 0;
    let mut __retval: i32 = 0;
    p01 = arg4;
    p02 = arg5;
    p03 = arg6;
    p04 = arg7;
    p05 = arg8;
    p06 = arg9;
    p07 = arg10;
    p08 = arg11;
    p09 = arg12;
    p10 = arg13;
    p11 = arg14;
    p12 = arg15;
    p13 = arg16;
    p14 = arg17;
    p15 = arg18;
    p16 = arg19;
    p17 = arg20;
    p18 = arg21;
    p19 = arg22;
    p20 = arg23;
    p21 = arg24;
    p22 = arg25;
    p23 = arg26;
    p24 = arg27;
    p25 = arg28;
    p26 = arg29;
    p27 = arg30;
    p28 = arg31;
    p29 = arg32;
    p30 = arg33;
    p31 = arg34;
    p32 = arg35;
    let _v0: i32 = p01;
    let _v1: i32 = p02;
    let _v2: i32 = _v0 + _v1;
    let _v3: i32 = p03;
    let _v4: i32 = _v2 + _v3;
    let _v5: i32 = p04;
    let _v6: i32 = _v4 + _v5;
    let _v7: i32 = p05;
    let _v8: i32 = _v6 + _v7;
    let _v9: i32 = p06;
    let _v10: i32 = _v8 + _v9;
    let _v11: i32 = p07;
    let _v12: i32 = _v10 + _v11;
    let _v13: i32 = p08;
    let _v14: i32 = _v12 + _v13;
    let _v15: i32 = p09;
    let _v16: i32 = _v14 + _v15;
    let _v17: i32 = p10;
    let _v18: i32 = _v16 + _v17;
    let _v19: i32 = p11;
    let _v20: i32 = _v18 + _v19;
    let _v21: i32 = p12;
    let _v22: i32 = _v20 + _v21;
    let _v23: i32 = p13;
    let _v24: i32 = _v22 + _v23;
    let _v25: i32 = p14;
    let _v26: i32 = _v24 + _v25;
    let _v27: i32 = p15;
    let _v28: i32 = _v26 + _v27;
    let _v29: i32 = p16;
    let _v30: i32 = _v28 + _v29;
    let _v31: i32 = p17;
    let _v32: i32 = _v30 + _v31;
    let _v33: i32 = p18;
    let _v34: i32 = _v32 + _v33;
    let _v35: i32 = p19;
    let _v36: i32 = _v34 + _v35;
    let _v37: i32 = p20;
    let _v38: i32 = _v36 + _v37;
    let _v39: i32 = p21;
    let _v40: i32 = _v38 + _v39;
    let _v41: i32 = p22;
    let _v42: i32 = _v40 + _v41;
    let _v43: i32 = p23;
    let _v44: i32 = _v42 + _v43;
    let _v45: i32 = p24;
    let _v46: i32 = _v44 + _v45;
    let _v47: i32 = p25;
    let _v48: i32 = _v46 + _v47;
    let _v49: i32 = p26;
    let _v50: i32 = _v48 + _v49;
    let _v51: i32 = p27;
    let _v52: i32 = _v50 + _v51;
    let _v53: i32 = p28;
    let _v54: i32 = _v52 + _v53;
    let _v55: i32 = p29;
    let _v56: i32 = _v54 + _v55;
    let _v57: i32 = p30;
    let _v58: i32 = _v56 + _v57;
    let _v59: i32 = p31;
    let _v60: i32 = _v58 + _v59;
    let _v61: i32 = p32;
    let _v62: i32 = _v60 + _v61;
    __retval = _v62;
    let _v63: i32 = __retval;
    return _v63;
}

fn c99_inline_square(arg3: i32) -> i32 {
    let mut value: i32 = 0;
    let mut __retval: i32 = 0;
    value = arg3;
    let _v0: i32 = value;
    let _v1: i32 = value;
    let _v2: i32 = _v0 * _v1;
    __retval = _v2;
    let _v3: i32 = __retval;
    return _v3;
}

fn c99_qualified_array_sum(arg2: *mut i32) -> i32 {
    let mut values: *mut i32 = std::ptr::null_mut();
    let mut __retval: i32 = 0;
    values = arg2;
    let _v0: i64 = 0;
    let _v1: *mut i32 = values;
    let _v2: *mut i32 = unsafe { _v1.add(0) };
    let _v3: i32 = unsafe { *_v2 };
    let _v4: i64 = 1;
    let _v5: *mut i32 = values;
    let _v6: *mut i32 = unsafe { _v5.add(1) };
    let _v7: i32 = unsafe { *_v6 };
    let _v8: i32 = _v3 + _v7;
    let _v9: i64 = 2;
    let _v10: *mut i32 = values;
    let _v11: *mut i32 = unsafe { _v10.add(2) };
    let _v12: i32 = unsafe { *_v11 };
    let _v13: i32 = _v8 + _v12;
    __retval = _v13;
    let _v14: i32 = __retval;
    return _v14;
}

fn c99_restrict_sum(arg0: *mut i32, arg1: *mut i32) -> i32 {
    let mut left: *mut i32 = std::ptr::null_mut();
    let mut right: *mut i32 = std::ptr::null_mut();
    let mut __retval: i32 = 0;
    left = arg0;
    right = arg1;
    let _v0: *mut i32 = left;
    let _v1: i32 = unsafe { *_v0 };
    let _v2: *mut i32 = right;
    let _v3: i32 = unsafe { *_v2 };
    let _v4: i32 = _v1 + _v3;
    __retval = _v4;
    let _v5: i32 = __retval;
    return _v5;
}

fn main() {
    let mut __retval: i32 = 0;
    let mut _: i32 = 0;
    let mut boolean_value: bool = false;
    let mut signed_long_long: i64 = 0;
    let mut unsigned_long_long: u64 = 0;
    let mut float_complex: num_complex::Complex<f32> = num_complex::Complex { re: 0.0, im: 0.0 };
    let mut double_complex: num_complex::Complex<f64> = num_complex::Complex { re: 0.0, im: 0.0 };
    let mut long_double_complex: num_complex::Complex<LongDouble> = num_complex::Complex { re: LongDouble([0; 10]), im: LongDouble([0; 10]) };
    let mut enhanced_arithmetic: i32 = 0;
    let mut flexible_total: i32 = 0;
    let mut flexible: *mut C99Flexible = std::ptr::null_mut();
    let mut length: i32 = 0;
    let mut saved_stack: *mut u8 = std::ptr::null_mut();
    let mut vm_total: i32 = 0;
    let mut initializer_seed: i32 = 0;
    let mut nonconstant_initializer: C99Pair = C99Pair { first: 0, second: 0 };
    let mut designated_initializer: C99Pair = C99Pair { first: 0, second: 0 };
    let mut designated_array: aligned::Aligned<aligned::A16, [i32; 4]> = aligned::Aligned([0; 4]);
    let mut const_value: i32 = 0;
    let mut idempotent_const_value: i32 = 0;
    let mut volatile_value: i32 = 0;
    let mut idempotent_volatile_value: i32 = 0;
    let mut restricted_value: i32 = 0;
    let mut restricted_pointer: *mut i32 = std::ptr::null_mut();
    let mut hexadecimal_float: f64 = 0.0;
    let mut compound_pair: C99Pair = C99Pair { first: 0, second: 0 };
    let mut compound_array_value: i32 = 0;
    let mut _compoundliteral: [i32; 2] = [0; 2];
    let mut signed_quotient: i32 = 0;
    let mut signed_remainder: i32 = 0;
    let mut mixed_order: i32 = 0;
    let mut declaration_after_statement: i32 = 0;
    let mut for_total: i32 = 0;
    let mut qualified_values: [i32; 3] = [0; 3];
    let mut macro_total: i32 = 0;
    let mut translation_limit_total: i32 = 0;
    let mut fenv_clear: i32 = 0;
    let mut fenv_flags: i32 = 0;
    let _v0: i32 = 0;
    __retval = _v0;
    let _v1: i32 = 7;
    _ = _v1;
    let _v2: i32 = 4;
    let _v3: bool = _v2 != 0;
    boolean_value = _v3;
    let _v4: i64 = -9000000000i64;
    signed_long_long = _v4;
    let _v5: u64 = 18000000000u64;
    unsigned_long_long = _v5;
    let _v6: f32 = 1.0;
    let _v7: f32 = 2.0;
    let _v8: f32 = 0.0;
    let _v9: f32 = 0.0;
    let _v10: f32 = 1.0;
    let _v11: f32 = _v8 + _v9;
    let _v12: f32 = _v7 * _v11;
    let _v13: f32 = _v7 * _v10;
    let _v14: f32 = _v6 + _v12;
    let _v15: num_complex::Complex<f32> = num_complex::Complex { re: _v14, im: _v13 };
    float_complex = _v15;
    let _v16: f64 = 3.0;
    let _v17: f64 = 4.0;
    let _v18: f32 = 0.0;
    let _v19: f32 = 0.0;
    let _v20: f32 = 1.0;
    let _v21: f32 = _v18 + _v19;
    let _v22: num_complex::Complex<f32> = num_complex::Complex { re: _v21, im: _v20 };
    let _v23: f32 = _v22.re;
    let _v24: f32 = _v22.im;
    let _v25: f64 = _v23 as f64;
    let _v26: f64 = _v24 as f64;
    let _v27: num_complex::Complex<f64> = num_complex::Complex { re: _v25, im: _v26 };
    let _v28: f64 = _v27.re;
    let _v29: f64 = _v27.im;
    let _v30: f64 = _v17 * _v28;
    let _v31: f64 = _v17 * _v29;
    let _v32: f64 = _v16 + _v30;
    let _v33: num_complex::Complex<f64> = num_complex::Complex { re: _v32, im: _v31 };
    double_complex = _v33;
    let _v34: LongDouble = LongDouble([0, 0, 0, 0, 0, 0, 0, 160, 1, 64]);
    let _v35: LongDouble = LongDouble([0, 0, 0, 0, 0, 0, 0, 192, 1, 64]);
    let _v36: f32 = 0.0;
    let _v37: f32 = 0.0;
    let _v38: f32 = 1.0;
    let _v39: f32 = _v36 + _v37;
    let _v40: num_complex::Complex<f32> = num_complex::Complex { re: _v39, im: _v38 };
    let _v41: f32 = _v40.re;
    let _v42: f32 = _v40.im;
    let _v43: LongDouble = __slate_f80_from_f32(_v41);
    let _v44: LongDouble = __slate_f80_from_f32(_v42);
    let _v45: num_complex::Complex<LongDouble> = num_complex::Complex { re: _v43, im: _v44 };
    let _v46: LongDouble = _v45.re;
    let _v47: LongDouble = _v45.im;
    let _v48: LongDouble = _v35 * _v46;
    let _v49: LongDouble = _v35 * _v47;
    let _v50: LongDouble = _v34 + _v48;
    let _v51: num_complex::Complex<LongDouble> = num_complex::Complex { re: _v50, im: _v49 };
    long_double_complex = _v51;
    let _v52: bool = boolean_value;
    let _v53: i32 = _v52 as i32;
    let _v54: i64 = signed_long_long;
    let _v55: i64 = -9000000000i64;
    let _v56: bool = _v54 == _v55;
    let _v57: i32 = _v56 as i32;
    let _v58: i32 = _v53 + _v57;
    let _v59: u64 = unsigned_long_long;
    let _v60: u64 = 18000000000u64;
    let _v61: bool = _v59 == _v60;
    let _v62: i32 = _v61 as i32;
    let _v63: i32 = _v58 + _v62;
    let _v64: num_complex::Complex<f32> = float_complex;
    let _v65: f32 = 1.0;
    let _v66: f32 = 2.0;
    let _v67: f32 = 0.0;
    let _v68: f32 = 0.0;
    let _v69: f32 = 1.0;
    let _v70: f32 = _v67 + _v68;
    let _v71: f32 = _v66 * _v70;
    let _v72: f32 = _v66 * _v69;
    let _v73: f32 = _v65 + _v71;
    let _v74: num_complex::Complex<f32> = num_complex::Complex { re: _v73, im: _v72 };
    let _v75: bool = _v64 == _v74;
    let _v76: i32 = _v75 as i32;
    let _v77: i32 = _v63 + _v76;
    let _v78: num_complex::Complex<f64> = double_complex;
    let _v79: f64 = 3.0;
    let _v80: f64 = 4.0;
    let _v81: f32 = 0.0;
    let _v82: f32 = 0.0;
    let _v83: f32 = 1.0;
    let _v84: f32 = _v81 + _v82;
    let _v85: num_complex::Complex<f32> = num_complex::Complex { re: _v84, im: _v83 };
    let _v86: f32 = _v85.re;
    let _v87: f32 = _v85.im;
    let _v88: f64 = _v86 as f64;
    let _v89: f64 = _v87 as f64;
    let _v90: num_complex::Complex<f64> = num_complex::Complex { re: _v88, im: _v89 };
    let _v91: f64 = _v90.re;
    let _v92: f64 = _v90.im;
    let _v93: f64 = _v80 * _v91;
    let _v94: f64 = _v80 * _v92;
    let _v95: f64 = _v79 + _v93;
    let _v96: num_complex::Complex<f64> = num_complex::Complex { re: _v95, im: _v94 };
    let _v97: bool = _v78 == _v96;
    let _v98: i32 = _v97 as i32;
    let _v99: i32 = _v77 + _v98;
    let _v100: num_complex::Complex<LongDouble> = long_double_complex;
    let _v101: LongDouble = LongDouble([0, 0, 0, 0, 0, 0, 0, 160, 1, 64]);
    let _v102: LongDouble = LongDouble([0, 0, 0, 0, 0, 0, 0, 192, 1, 64]);
    let _v103: f32 = 0.0;
    let _v104: f32 = 0.0;
    let _v105: f32 = 1.0;
    let _v106: f32 = _v103 + _v104;
    let _v107: num_complex::Complex<f32> = num_complex::Complex { re: _v106, im: _v105 };
    let _v108: f32 = _v107.re;
    let _v109: f32 = _v107.im;
    let _v110: LongDouble = __slate_f80_from_f32(_v108);
    let _v111: LongDouble = __slate_f80_from_f32(_v109);
    let _v112: num_complex::Complex<LongDouble> = num_complex::Complex { re: _v110, im: _v111 };
    let _v113: LongDouble = _v112.re;
    let _v114: LongDouble = _v112.im;
    let _v115: LongDouble = _v102 * _v113;
    let _v116: LongDouble = _v102 * _v114;
    let _v117: LongDouble = _v101 + _v115;
    let _v118: num_complex::Complex<LongDouble> = num_complex::Complex { re: _v117, im: _v116 };
    let _v119: bool = _v100 == _v118;
    let _v120: i32 = _v119 as i32;
    let _v121: i32 = _v99 + _v120;
    enhanced_arithmetic = _v121;
    let _v122: i32 = 0;
    flexible_total = _v122;
    let _v123: u64 = 8;
    let _v124: u64 = 3;
    let _v125: u64 = 4;
    let _v126: u64 = _v124 * _v125;
    let _v127: u64 = _v123 + _v126;
    let _v128: *mut core::ffi::c_void = unsafe { malloc(_v127 as usize) };
    let _v129: *mut C99Flexible = _v128 as *mut C99Flexible;
    flexible = _v129;
    {
        let _v130: *mut C99Flexible = flexible;
        let _v131: *mut C99Flexible = std::ptr::null_mut();
        let _v132: bool = _v130 == _v131;
        if _v132 {
            let _v133: i32 = 2;
            __retval = _v133;
            let _v134: i32 = __retval;
            std::process::exit(_v134 as i32);
        }
    }
    let _v135: u64 = 3;
    let _v136: *mut C99Flexible = flexible;
    unsafe {
        (*_v136).count = _v135;
    }
    {
        let mut index: u64 = 0;
        let _v137: u64 = 0;
        index = _v137;
        loop {
            let _v138: u64 = index;
            let _v139: *mut C99Flexible = flexible;
            let _v140: u64 = unsafe { (*_v139).count };
            let _v141: bool = _v138 < _v140;
            if !_v141 {
                break;
            }
            {
                let _v142: u64 = index;
                let _v143: i32 = _v142 as i32;
                let _v144: i32 = 1;
                let _v145: i32 = _v143 + _v144;
                let _v146: u64 = index;
                let _v147: *mut C99Flexible = flexible;
                unsafe {
                    *(*_v147).values.as_mut_ptr().add(_v146 as usize) = _v145;
                }
                let _v148: u64 = index;
                let _v149: *mut C99Flexible = flexible;
                let _v150: i32 = unsafe { *(*_v149).values.as_mut_ptr().add(_v148 as usize) };
                let _v151: i32 = flexible_total;
                let _v152: i32 = _v151 + _v150;
                flexible_total = _v152;
            }
            let _v153: u64 = index;
            let _v154: u64 = _v153 + 1;
            index = _v154;
        }
    }
    let _v155: *mut C99Flexible = flexible;
    let _v156: *mut core::ffi::c_void = _v155 as *mut core::ffi::c_void;
    unsafe { free(_v156 as *mut core::ffi::c_void) };
    let _v157: i32 = 3;
    length = _v157;
    let _v158: i32 = length;
    let _v159: u64 = _v158 as u64;
    let _v160: *mut u8 = 0usize as *mut u8;
    saved_stack = _v160;
    {
        let mut variable_length_array: Vec<i32> = vec![0; _v159 as usize];
        {
            let mut index2: i32 = 0;
            let _v161: i32 = 0;
            index2 = _v161;
            loop {
                let _v162: i32 = index2;
                let _v163: i32 = length;
                let _v164: bool = _v162 < _v163;
                if !_v164 {
                    break;
                }
                {
                    let _v165: i32 = index2;
                    let _v166: i32 = 4;
                    let _v167: i32 = _v165 + _v166;
                    let _v168: i32 = index2;
                    let _v169: i64 = _v168 as i64;
                    let _v170: *mut i32 = unsafe { variable_length_array.as_mut_ptr().offset(_v169 as isize) };
                    unsafe {
                        *_v170 = _v167;
                    }
                }
                let _v171: i32 = index2;
                let _v172: i32 = _v171 + 1;
                index2 = _v172;
            }
        }
        let _v173: i32 = length;
        let _v174: i32 = c99_vm_sum(_v173, variable_length_array.as_mut_ptr());
        vm_total = _v174;
        let _v175: i32 = 19;
        initializer_seed = _v175;
        let _v176: i32 = initializer_seed;
        nonconstant_initializer.first = _v176;
        let _v177: i32 = initializer_seed;
        let _v178: i32 = 1;
        let _v179: i32 = _v177 + _v178;
        nonconstant_initializer.second = _v179;
        designated_initializer = C99Pair { first: 22, second: 23 };
        *designated_array = [27, 0, 29, 0];
        let _v180: i32 = 31;
        const_value = _v180;
        let _v181: i32 = const_value;
        idempotent_const_value = _v181;
        let _v182: i32 = 37;
        unsafe { std::ptr::write_volatile(std::ptr::addr_of_mut!(volatile_value), _v182) };
        let _v183: i32 = unsafe { std::ptr::read_volatile(std::ptr::addr_of!(volatile_value)) };
        unsafe { std::ptr::write_volatile(std::ptr::addr_of_mut!(idempotent_volatile_value), _v183) };
        let _v184: i32 = 41;
        restricted_value = _v184;
        restricted_pointer = std::ptr::addr_of_mut!(restricted_value);
        let _v185: f64 = 3.0;
        hexadecimal_float = _v185;
        compound_pair = C99Pair { first: 43, second: 47 };
        let _v186: i64 = 1;
        let _v187: *mut i32 = _compoundliteral.as_mut_ptr() as *mut i32;
        let _v188: i32 = 51;
        unsafe {
            *_v187 = _v188;
        }
        let _v189: i64 = 1;
        let _v190: *mut i32 = unsafe { _v187.add(1) };
        let _v191: i32 = 53;
        unsafe {
            *_v190 = _v191;
        }
        let _v192: i32 = _compoundliteral[(_v186 as usize)];
        compound_array_value = _v192;
        let _v193: i32 = -7;
        let _v194: i32 = 3;
        let _v195: i32 = _v193 / _v194;
        signed_quotient = _v195;
        let _v196: i32 = -7;
        let _v197: i32 = 3;
        let _v198: i32 = _v196 % _v197;
        signed_remainder = _v198;
        let _v199: i32 = 59;
        mixed_order = _v199;
        let _v200: i32 = 2;
        let _v201: i32 = mixed_order;
        let _v202: i32 = _v201 + _v200;
        mixed_order = _v202;
        let _v203: i32 = 61;
        declaration_after_statement = _v203;
        let _v204: i32 = 0;
        for_total = _v204;
        {
            let mut index3: i32 = 0;
            let _v205: i32 = 0;
            index3 = _v205;
            loop {
                let _v206: i32 = index3;
                let _v207: i32 = 3;
                let _v208: bool = _v206 < _v207;
                if !_v208 {
                    break;
                }
                {
                    let _v209: i32 = index3;
                    let _v210: i32 = for_total;
                    let _v211: i32 = _v210 + _v209;
                    for_total = _v211;
                }
                let _v212: i32 = index3;
                let _v213: i32 = _v212 + 1;
                index3 = _v213;
            }
        }
        qualified_values = [2, 3, 5];
        let _v214: i32 = 7;
        let _v215: i32 = 11;
        let _v216: i32 = 13;
        let _v217: i32 = sum3(_v214, _v215, _v216);
        macro_total = _v217;
        let _v218: i32 = 1;
        let _v219: i32 = 1;
        let _v220: i32 = 1;
        let _v221: i32 = 1;
        let _v222: i32 = 1;
        let _v223: i32 = 1;
        let _v224: i32 = 1;
        let _v225: i32 = 1;
        let _v226: i32 = 1;
        let _v227: i32 = 1;
        let _v228: i32 = 1;
        let _v229: i32 = 1;
        let _v230: i32 = 1;
        let _v231: i32 = 1;
        let _v232: i32 = 1;
        let _v233: i32 = 1;
        let _v234: i32 = 1;
        let _v235: i32 = 1;
        let _v236: i32 = 1;
        let _v237: i32 = 1;
        let _v238: i32 = 1;
        let _v239: i32 = 1;
        let _v240: i32 = 1;
        let _v241: i32 = 1;
        let _v242: i32 = 1;
        let _v243: i32 = 1;
        let _v244: i32 = 1;
        let _v245: i32 = 1;
        let _v246: i32 = 1;
        let _v247: i32 = 1;
        let _v248: i32 = 1;
        let _v249: i32 = 1;
        let _v250: i32 = c99_thirty_two_parameters(_v218, _v219, _v220, _v221, _v222, _v223, _v224, _v225, _v226, _v227, _v228, _v229, _v230, _v231, _v232, _v233, _v234, _v235, _v236, _v237, _v238, _v239, _v240, _v241, _v242, _v243, _v244, _v245, _v246, _v247, _v248, _v249);
        translation_limit_total = _v250;
        let _v251: i32 = 32;
        let _v252: i32 = 4;
        let _v253: i32 = _v251 | _v252;
        let _v254: i32 = 16;
        let _v255: i32 = _v253 | _v254;
        let _v256: i32 = 8;
        let _v257: i32 = _v255 | _v256;
        let _v258: i32 = 1;
        let _v259: i32 = _v257 | _v258;
        let _v260: i32 = unsafe { feclearexcept(_v259 as i32) };
        fenv_clear = _v260;
        let _v261: i32 = 32;
        let _v262: i32 = 4;
        let _v263: i32 = _v261 | _v262;
        let _v264: i32 = 16;
        let _v265: i32 = _v263 | _v264;
        let _v266: i32 = 8;
        let _v267: i32 = _v265 | _v266;
        let _v268: i32 = 1;
        let _v269: i32 = _v267 | _v268;
        let _v270: i32 = unsafe { fetestexcept(_v269 as i32) };
        fenv_flags = _v270;
        let _v271: *mut i8 = b"%s %d %d %d %d %d %d %d %d %d %d %d %d %d %d %d %d %d %d %d %d %d %d %d %d %d %d %d %d\n\0".as_ptr() as *mut i8;
        let _v272: *mut i8 = b"main\0".as_ptr() as *mut i8;
        let _v273: i32 = _;
        let _v274: i32 = unsafe { c99_external_identifier_with_more_than_thirty_one_significant_characters };
        let _v275: i32 = unsafe { slash_comment_value };
        let _v276: i32 = enhanced_arithmetic;
        let _v277: i32 = flexible_total;
        let _v278: i32 = vm_total;
        let _v279: i32 = nonconstant_initializer.first;
        let _v280: i32 = nonconstant_initializer.second;
        let _v281: i32 = _v279 + _v280;
        let _v282: i32 = designated_initializer.first;
        let _v283: i32 = designated_initializer.second;
        let _v284: i32 = _v282 + _v283;
        let _v285: i64 = 0;
        let _v286: i32 = designated_array[(_v285 as usize)];
        let _v287: i64 = 2;
        let _v288: i32 = designated_array[(_v287 as usize)];
        let _v289: i32 = _v286 + _v288;
        let _v290: i32 = idempotent_const_value;
        let _v291: i32 = unsafe { std::ptr::read_volatile(std::ptr::addr_of!(idempotent_volatile_value)) };
        let _v292: *mut i32 = restricted_pointer;
        let _v293: i32 = unsafe { *_v292 };
        let _v294: f64 = hexadecimal_float;
        let _v295: i32 = _v294 as i32;
        let _v296: i32 = compound_pair.first;
        let _v297: i32 = compound_pair.second;
        let _v298: i32 = _v296 + _v297;
        let _v299: i32 = compound_array_value;
        let _v300: i32 = signed_quotient;
        let _v301: i32 = signed_remainder;
        let _v302: i32 = mixed_order;
        let _v303: i32 = declaration_after_statement;
        let _v304: i32 = for_total;
        let _v305: i32 = 8;
        let _v306: i32 = c99_inline_square(_v305);
        let _v307: *mut i32 = qualified_values.as_mut_ptr() as *mut i32;
        let _v308: i32 = c99_qualified_array_sum(_v307);
        let _v309: i32 = macro_total;
        let _v310: i32 = translation_limit_total;
        let _v311: i32 = C99TrailingComma::C99_ENUM_VALUE as i32;
        let _v312: i32 = fenv_clear;
        let _v313: i32 = fenv_flags;
        let _v314: i64 = 0;
        let _v315: i64 = 1;
        let _v316: i32 = c99_restrict_sum(std::ptr::addr_of_mut!(qualified_values[(_v314 as usize)]), std::ptr::addr_of_mut!(qualified_values[(_v315 as usize)]));
        let _v317: i32 = unsafe { printf(_v271 as *const i8, _v272, _v273, _v274, _v275, _v276, _v277, _v278, _v281, _v284, _v289, _v290, _v291, _v293, _v295, _v298, _v299, _v300, _v301, _v302, _v303, _v304, _v306, _v308, _v309, _v310, _v311, _v312, _v313, _v316) };
    }
    let _v318: i32 = __retval;
    std::process::exit(_v318 as i32);
}

unsafe extern "C" {
    safe fn __slate_cf80_div(a: num_complex::Complex<LongDouble>, b: num_complex::Complex<LongDouble>) -> num_complex::Complex<LongDouble>;
    safe fn __slate_cf80_mul(a: num_complex::Complex<LongDouble>, b: num_complex::Complex<LongDouble>) -> num_complex::Complex<LongDouble>;
    safe fn __slate_f80_abs(a: LongDouble) -> LongDouble;
    safe fn __slate_f80_add(a: LongDouble, b: LongDouble) -> LongDouble;
    safe fn __slate_f80_ceil(a: LongDouble) -> LongDouble;
    safe fn __slate_f80_copysign(a: LongDouble, b: LongDouble) -> LongDouble;
    safe fn __slate_f80_div(a: LongDouble, b: LongDouble) -> LongDouble;
    safe fn __slate_f80_eq(a: LongDouble, b: LongDouble) -> bool;
    safe fn __slate_f80_floor(a: LongDouble) -> LongDouble;
    safe fn __slate_f80_fma(a: LongDouble, b: LongDouble, c: LongDouble) -> LongDouble;
    safe fn __slate_f80_fmax(a: LongDouble, b: LongDouble) -> LongDouble;
    safe fn __slate_f80_fmin(a: LongDouble, b: LongDouble) -> LongDouble;
    safe fn __slate_f80_fract(a: LongDouble) -> LongDouble;
    safe fn __slate_f80_from_bool(a: bool) -> LongDouble;
    safe fn __slate_f80_from_f32(a: f32) -> LongDouble;
    safe fn __slate_f80_from_f64(a: f64) -> LongDouble;
    safe fn __slate_f80_from_i128(a: i128) -> LongDouble;
    safe fn __slate_f80_from_i16(a: i16) -> LongDouble;
    safe fn __slate_f80_from_i32(a: i32) -> LongDouble;
    safe fn __slate_f80_from_i64(a: i64) -> LongDouble;
    safe fn __slate_f80_from_i8(a: i8) -> LongDouble;
    safe fn __slate_f80_from_u128(a: u128) -> LongDouble;
    safe fn __slate_f80_from_u16(a: u16) -> LongDouble;
    safe fn __slate_f80_from_u32(a: u32) -> LongDouble;
    safe fn __slate_f80_from_u64(a: u64) -> LongDouble;
    safe fn __slate_f80_from_u8(a: u8) -> LongDouble;
    safe fn __slate_f80_ge(a: LongDouble, b: LongDouble) -> bool;
    safe fn __slate_f80_gt(a: LongDouble, b: LongDouble) -> bool;
    safe fn __slate_f80_is_fp_class(a: LongDouble, flags: i32) -> bool;
    safe fn __slate_f80_le(a: LongDouble, b: LongDouble) -> bool;
    safe fn __slate_f80_lt(a: LongDouble, b: LongDouble) -> bool;
    safe fn __slate_f80_mul(a: LongDouble, b: LongDouble) -> LongDouble;
    safe fn __slate_f80_ne(a: LongDouble, b: LongDouble) -> bool;
    safe fn __slate_f80_neg(a: LongDouble) -> LongDouble;
    safe fn __slate_f80_rint(a: LongDouble) -> LongDouble;
    safe fn __slate_f80_round(a: LongDouble) -> LongDouble;
    safe fn __slate_f80_signbit(a: LongDouble) -> bool;
    safe fn __slate_f80_sub(a: LongDouble, b: LongDouble) -> LongDouble;
    safe fn __slate_f80_to_bool(a: LongDouble) -> bool;
    safe fn __slate_f80_to_f32(a: LongDouble) -> f32;
    safe fn __slate_f80_to_f64(a: LongDouble) -> f64;
    safe fn __slate_f80_to_i128(a: LongDouble) -> i128;
    safe fn __slate_f80_to_i16(a: LongDouble) -> i16;
    safe fn __slate_f80_to_i32(a: LongDouble) -> i32;
    safe fn __slate_f80_to_i64(a: LongDouble) -> i64;
    safe fn __slate_f80_to_i8(a: LongDouble) -> i8;
    safe fn __slate_f80_to_u128(a: LongDouble) -> u128;
    safe fn __slate_f80_to_u16(a: LongDouble) -> u16;
    safe fn __slate_f80_to_u32(a: LongDouble) -> u32;
    safe fn __slate_f80_to_u64(a: LongDouble) -> u64;
    safe fn __slate_f80_to_u8(a: LongDouble) -> u8;
    safe fn __slate_f80_trunc(a: LongDouble) -> LongDouble;
}
