---
source: tests/snapshot.rs
expression: rust
---
#![feature(f128)]
#![allow(dead_code, unused, non_camel_case_types, non_snake_case, non_upper_case_globals, arithmetic_overflow, suspicious_runtime_symbol_definitions, unpredictable_function_pointer_comparisons, unused_comparisons)]

fn add(arg0: f128, arg1: f128) -> f128 {
    let mut a: f128 = 0.0f128;
    let mut b: f128 = 0.0f128;
    let mut __retval: f128 = 0.0f128;
    a = arg0;
    b = arg1;
    let _v0: f128 = a;
    let _v1: f128 = b;
    let _v2: f128 = _v0 + _v1;
    __retval = _v2;
    let _v3: f128 = __retval;
    return _v3;
}

fn main() {
    let mut __retval: i32 = 0;
    let mut one: f128 = 0.0f128;
    let mut tiny: f128 = 0.0f128;
    let mut sum: f128 = 0.0f128;
    let _v0: i32 = 0;
    __retval = _v0;
    let _v1: f128 = 1.0;
    one = _v1;
    let _v2: f128 = 0.0000000000000000000000000000007888609052210118;
    tiny = _v2;
    let _v3: f128 = one;
    let _v4: f128 = tiny;
    let _v5: f128 = add(_v3, _v4);
    sum = _v5;
    {
        let _v6: f128 = sum;
        let _v7: f128 = one;
        let _v8: bool = _v6 == _v7;
        if _v8 {
            let _v9: i32 = 1;
            __retval = _v9;
            let _v10: i32 = __retval;
            std::process::exit(_v10 as i32);
        }
    }
    {
        let _v11: f128 = sum;
        let _v12: f128 = one;
        let _v13: f128 = _v11 - _v12;
        let _v14: f128 = tiny;
        let _v15: bool = _v13 != _v14;
        if _v15 {
            let _v16: i32 = 2;
            __retval = _v16;
            let _v17: i32 = __retval;
            std::process::exit(_v17 as i32);
        }
    }
    {
        let _v18: i32 = 42;
        let _v19: f128 = _v18 as f128;
        let _v20: f128 = 42.0;
        let _v21: bool = _v19 != _v20;
        if _v21 {
            let _v22: i32 = 3;
            __retval = _v22;
            let _v23: i32 = __retval;
            std::process::exit(_v23 as i32);
        }
    }
    {
        let _v24: f128 = 42.75;
        let _v25: i32 = _v24 as i32;
        let _v26: i32 = 42;
        let _v27: bool = _v25 != _v26;
        if _v27 {
            let _v28: i32 = 4;
            __retval = _v28;
            let _v29: i32 = __retval;
            std::process::exit(_v29 as i32);
        }
    }
    {
        let _v30: f128 = 1.5;
        let _v31: f64 = _v30 as f64;
        let _v32: f64 = 1.5;
        let _v33: bool = _v31 != _v32;
        if _v33 {
            let _v34: i32 = 5;
            __retval = _v34;
            let _v35: i32 = __retval;
            std::process::exit(_v35 as i32);
        }
    }
    {
        let _v36: u64 = 16;
        let _v37: u64 = 16;
        let _v38: bool = _v36 != _v37;
        if _v38 {
            let _v39: i32 = 6;
            __retval = _v39;
            let _v40: i32 = __retval;
            std::process::exit(_v40 as i32);
        }
    }
    {
        let _v41: u64 = 16;
        let _v42: u64 = 16;
        let _v43: bool = _v41 != _v42;
        if _v43 {
            let _v44: i32 = 7;
            __retval = _v44;
            let _v45: i32 = __retval;
            std::process::exit(_v45 as i32);
        }
    }
    let _v46: i32 = 0;
    __retval = _v46;
    let _v47: i32 = __retval;
    std::process::exit(_v47 as i32);
}
