---
source: tests/snapshot.rs
expression: rust
---
#![feature(c_variadic)]
#![allow(dead_code, unused, non_camel_case_types, non_snake_case, non_upper_case_globals, arithmetic_overflow, suspicious_runtime_symbol_definitions, unpredictable_function_pointer_comparisons, unused_comparisons)]

static mut direct_zero: i32 = 0;

static mut macro_one: i32 = 1;

static mut pair: i32 = 23;

unsafe extern "C" {
    fn printf(_0: *const i8, ...) -> i32;
}

fn main() {
    let mut __retval: i32 = 0;
    let mut local_four: i32 = 0;
    let _v0: i32 = 0;
    __retval = _v0;
    let _v1: i32 = 4;
    local_four = _v1;
    let _v2: *mut i8 = b"%d %d %d %d\n\0".as_ptr() as *mut i8;
    let _v3: i32 = unsafe { direct_zero };
    let _v4: i32 = unsafe { macro_one };
    let _v5: i32 = unsafe { pair };
    let _v6: i32 = local_four;
    let _v7: i32 = unsafe { printf(_v2 as *const i8, _v3, _v4, _v5, _v6) };
    let _v8: i32 = 0;
    __retval = _v8;
    let _v9: i32 = __retval;
    std::process::exit(_v9 as i32);
}
