---
source: tests/snapshot.rs
expression: rust
---
#![feature(c_variadic)]
#![allow(dead_code, unused, non_camel_case_types, non_snake_case, non_upper_case_globals, arithmetic_overflow, suspicious_runtime_symbol_definitions, unpredictable_function_pointer_comparisons, unused_comparisons)]

#[repr(C, align(16))]
#[derive(Clone, Copy)]
struct LongDouble([u8; 10]);

impl core::ops::Add for LongDouble {
    type Output = LongDouble;
    fn add(self, o: LongDouble) -> LongDouble { __slate_f80_add(self, o) }
}

impl core::ops::Sub for LongDouble {
    type Output = LongDouble;
    fn sub(self, o: LongDouble) -> LongDouble { __slate_f80_sub(self, o) }
}

impl core::ops::Mul for LongDouble {
    type Output = LongDouble;
    fn mul(self, o: LongDouble) -> LongDouble { __slate_f80_mul(self, o) }
}

impl core::ops::Div for LongDouble {
    type Output = LongDouble;
    fn div(self, o: LongDouble) -> LongDouble { __slate_f80_div(self, o) }
}

impl core::ops::AddAssign for LongDouble {
    fn add_assign(&mut self, o: LongDouble) { {
    *self = __slate_f80_add(*self, o);
} }
}

impl core::ops::SubAssign for LongDouble {
    fn sub_assign(&mut self, o: LongDouble) { {
    *self = __slate_f80_sub(*self, o);
} }
}

impl core::ops::MulAssign for LongDouble {
    fn mul_assign(&mut self, o: LongDouble) { {
    *self = __slate_f80_mul(*self, o);
} }
}

impl core::ops::DivAssign for LongDouble {
    fn div_assign(&mut self, o: LongDouble) { {
    *self = __slate_f80_div(*self, o);
} }
}

impl core::ops::Neg for LongDouble {
    type Output = LongDouble;
    fn neg(self) -> LongDouble { __slate_f80_neg(self) }
}

impl core::cmp::PartialEq for LongDouble {
    fn eq(&self, other: &LongDouble) -> bool { __slate_f80_eq(*self, *other) }
}

impl core::cmp::PartialOrd for LongDouble {
    fn partial_cmp(&self, other: &LongDouble) -> Option<std::cmp::Ordering> { if __slate_f80_lt(*self, *other) { Some(std::cmp::Ordering::Less) } else { if __slate_f80_gt(*self, *other) { Some(std::cmp::Ordering::Greater) } else { if __slate_f80_eq(*self, *other) { Some(std::cmp::Ordering::Equal) } else { None } } } }
}

#[repr(C)]
#[derive(Clone, Copy)]
struct r#box {
    tag: i32,
    value: LongDouble,
}


unsafe extern "C" {
    fn printf(_0: *const i8, ...) -> i32;
}

fn sum_box(arg0: *mut r#box) -> i32 {
    let _v0: r#box = unsafe { *arg0 };
    let mut b: r#box = r#box { tag: 0, value: LongDouble([0; 10]) };
    let mut __retval: i32 = 0;
    b = _v0;
    let _v1: LongDouble = b.value;
    let _v2: i32 = b.tag;
    let _v3: LongDouble = __slate_f80_from_i32(_v2);
    let _v4: LongDouble = _v1 + _v3;
    let _v5: i32 = __slate_f80_to_i32(_v4);
    __retval = _v5;
    let _v6: i32 = __retval;
    return _v6;
}

fn main() {
    let mut __retval: i32 = 0;
    let mut b: r#box = r#box { tag: 0, value: LongDouble([0; 10]) };
    let _v0: i32 = 0;
    __retval = _v0;
    let _v1: i32 = 3;
    b.tag = _v1;
    let _v2: LongDouble = LongDouble([0, 0, 0, 0, 0, 0, 0, 144, 1, 64]);
    b.value = _v2;
    let _v3: *mut i8 = b"%d\n\0".as_ptr() as *mut i8;
    let _v4: r#box = b;
    let mut byval: r#box = r#box { tag: 0, value: LongDouble([0; 10]) };
    byval = _v4;
    let _v5: i32 = sum_box(std::ptr::addr_of_mut!(byval));
    let _v6: i32 = unsafe { printf(_v3 as *const i8, _v5) };
    let _v7: LongDouble = b.value;
    let _v8: LongDouble = LongDouble([0, 0, 0, 0, 0, 0, 0, 128, 0, 64]);
    let _v9: LongDouble = _v7 * _v8;
    b.value = _v9;
    let _v10: *mut i8 = b"%d\n\0".as_ptr() as *mut i8;
    let _v11: LongDouble = b.value;
    let _v12: i32 = __slate_f80_to_i32(_v11);
    let _v13: i32 = unsafe { printf(_v10 as *const i8, _v12) };
    let _v14: i32 = 0;
    __retval = _v14;
    let _v15: i32 = __retval;
    std::process::exit(_v15 as i32);
}

unsafe extern "C" {
    safe fn __slate_cf80_div(a: num_complex::Complex<LongDouble>, b: num_complex::Complex<LongDouble>) -> num_complex::Complex<LongDouble>;
    safe fn __slate_cf80_mul(a: num_complex::Complex<LongDouble>, b: num_complex::Complex<LongDouble>) -> num_complex::Complex<LongDouble>;
    safe fn __slate_f80_abs(a: LongDouble) -> LongDouble;
    safe fn __slate_f80_add(a: LongDouble, b: LongDouble) -> LongDouble;
    safe fn __slate_f80_ceil(a: LongDouble) -> LongDouble;
    safe fn __slate_f80_copysign(a: LongDouble, b: LongDouble) -> LongDouble;
    safe fn __slate_f80_div(a: LongDouble, b: LongDouble) -> LongDouble;
    safe fn __slate_f80_eq(a: LongDouble, b: LongDouble) -> bool;
    safe fn __slate_f80_floor(a: LongDouble) -> LongDouble;
    safe fn __slate_f80_fma(a: LongDouble, b: LongDouble, c: LongDouble) -> LongDouble;
    safe fn __slate_f80_fmax(a: LongDouble, b: LongDouble) -> LongDouble;
    safe fn __slate_f80_fmin(a: LongDouble, b: LongDouble) -> LongDouble;
    safe fn __slate_f80_fract(a: LongDouble) -> LongDouble;
    safe fn __slate_f80_from_bool(a: bool) -> LongDouble;
    safe fn __slate_f80_from_f32(a: f32) -> LongDouble;
    safe fn __slate_f80_from_f64(a: f64) -> LongDouble;
    safe fn __slate_f80_from_i128(a: i128) -> LongDouble;
    safe fn __slate_f80_from_i16(a: i16) -> LongDouble;
    safe fn __slate_f80_from_i32(a: i32) -> LongDouble;
    safe fn __slate_f80_from_i64(a: i64) -> LongDouble;
    safe fn __slate_f80_from_i8(a: i8) -> LongDouble;
    safe fn __slate_f80_from_u128(a: u128) -> LongDouble;
    safe fn __slate_f80_from_u16(a: u16) -> LongDouble;
    safe fn __slate_f80_from_u32(a: u32) -> LongDouble;
    safe fn __slate_f80_from_u64(a: u64) -> LongDouble;
    safe fn __slate_f80_from_u8(a: u8) -> LongDouble;
    safe fn __slate_f80_ge(a: LongDouble, b: LongDouble) -> bool;
    safe fn __slate_f80_gt(a: LongDouble, b: LongDouble) -> bool;
    safe fn __slate_f80_is_fp_class(a: LongDouble, flags: i32) -> bool;
    safe fn __slate_f80_le(a: LongDouble, b: LongDouble) -> bool;
    safe fn __slate_f80_lt(a: LongDouble, b: LongDouble) -> bool;
    safe fn __slate_f80_mul(a: LongDouble, b: LongDouble) -> LongDouble;
    safe fn __slate_f80_ne(a: LongDouble, b: LongDouble) -> bool;
    safe fn __slate_f80_neg(a: LongDouble) -> LongDouble;
    safe fn __slate_f80_rint(a: LongDouble) -> LongDouble;
    safe fn __slate_f80_round(a: LongDouble) -> LongDouble;
    safe fn __slate_f80_signbit(a: LongDouble) -> bool;
    safe fn __slate_f80_sub(a: LongDouble, b: LongDouble) -> LongDouble;
    safe fn __slate_f80_to_bool(a: LongDouble) -> bool;
    safe fn __slate_f80_to_f32(a: LongDouble) -> f32;
    safe fn __slate_f80_to_f64(a: LongDouble) -> f64;
    safe fn __slate_f80_to_i128(a: LongDouble) -> i128;
    safe fn __slate_f80_to_i16(a: LongDouble) -> i16;
    safe fn __slate_f80_to_i32(a: LongDouble) -> i32;
    safe fn __slate_f80_to_i64(a: LongDouble) -> i64;
    safe fn __slate_f80_to_i8(a: LongDouble) -> i8;
    safe fn __slate_f80_to_u128(a: LongDouble) -> u128;
    safe fn __slate_f80_to_u16(a: LongDouble) -> u16;
    safe fn __slate_f80_to_u32(a: LongDouble) -> u32;
    safe fn __slate_f80_to_u64(a: LongDouble) -> u64;
    safe fn __slate_f80_to_u8(a: LongDouble) -> u8;
    safe fn __slate_f80_trunc(a: LongDouble) -> LongDouble;
}
