---
source: tests/snapshot.rs
expression: rust
---
#![feature(c_variadic)]
#![allow(dead_code, unused, non_camel_case_types, non_snake_case, non_upper_case_globals, arithmetic_overflow, suspicious_runtime_symbol_definitions, unpredictable_function_pointer_comparisons, unused_comparisons)]

#[repr(C)]
#[derive(Clone, Copy)]
struct suite_t {
    tests: *mut Option<unsafe extern "C" fn()>,
    ntests: i32,
}


static mut last_ran: i32 = -1;

unsafe extern "C" {
    fn malloc(_0: usize) -> *mut core::ffi::c_void;
    fn printf(_0: *const i8, ...) -> i32;
    fn free(_0: *mut core::ffi::c_void);
}

extern "C" fn test_a() {
    let _v0: i32 = 0;
    unsafe {
        last_ran = _v0;
    }
    return;
}

extern "C" fn test_b() {
    let _v0: i32 = 1;
    unsafe {
        last_ran = _v0;
    }
    return;
}

fn main() {
    let mut __retval: i32 = 0;
    let mut suite: suite_t = suite_t { tests: std::ptr::null_mut(), ntests: 0 };
    let _v0: i32 = 0;
    __retval = _v0;
    let _v1: u64 = 2;
    let _v2: u64 = 8;
    let _v3: u64 = _v1 * _v2;
    let _v4: *mut core::ffi::c_void = unsafe { malloc(_v3 as usize) };
    let _v5: *mut Option<unsafe extern "C" fn()> = _v4 as *mut Option<unsafe extern "C" fn()>;
    suite.tests = _v5;
    let _v6: i64 = 0;
    let _v7: *mut Option<unsafe extern "C" fn()> = suite.tests;
    let _v8: *mut Option<unsafe extern "C" fn()> = unsafe { _v7.add(0) };
    unsafe {
        *_v8 = Some(test_a);
    }
    let _v9: i64 = 1;
    let _v10: *mut Option<unsafe extern "C" fn()> = suite.tests;
    let _v11: *mut Option<unsafe extern "C" fn()> = unsafe { _v10.add(1) };
    unsafe {
        *_v11 = Some(test_b);
    }
    let _v12: i32 = 2;
    suite.ntests = _v12;
    {
        let mut i: i32 = 0;
        let _v13: i32 = 0;
        i = _v13;
        loop {
            let _v14: i32 = i;
            let _v15: i32 = suite.ntests;
            let _v16: bool = _v14 < _v15;
            if !_v16 {
                break;
            }
            {
                let _v17: i32 = i;
                let _v18: i64 = _v17 as i64;
                let _v19: *mut Option<unsafe extern "C" fn()> = suite.tests;
                let _v20: *mut Option<unsafe extern "C" fn()> = unsafe { _v19.offset(_v18 as isize) };
                let _v21: Option<unsafe extern "C" fn()> = unsafe { *_v20 };
                unsafe { _v21.unwrap()() };
                let _v22: *mut i8 = b"%d\n\0".as_ptr() as *mut i8;
                let _v23: i32 = unsafe { last_ran };
                let _v24: i32 = unsafe { printf(_v22 as *const i8, _v23) };
            }
            let _v25: i32 = i;
            let _v26: i32 = _v25 + 1;
            i = _v26;
        }
    }
    let _v27: *mut Option<unsafe extern "C" fn()> = suite.tests;
    let _v28: *mut core::ffi::c_void = _v27 as *mut core::ffi::c_void;
    unsafe { free(_v28 as *mut core::ffi::c_void) };
    let _v29: i32 = 0;
    __retval = _v29;
    let _v30: i32 = __retval;
    std::process::exit(_v30 as i32);
}
