---
source: tests/snapshot.rs
expression: rust
---
#![feature(abi_unadjusted)]
#![feature(link_llvm_intrinsics)]
#![feature(c_variadic)]
#![allow(dead_code, unused, non_camel_case_types, non_snake_case, non_upper_case_globals, arithmetic_overflow, suspicious_runtime_symbol_definitions, unpredictable_function_pointer_comparisons, unused_comparisons)]

#[repr(C)]
#[derive(Clone, Copy)]
struct anon_struct {
    __slate_anon_0: u64,
    __slate_anon_1: u32,
}


unsafe extern "C" {
    fn printf(_0: *const i8, ...) -> i32;
}

#[target_feature(enable = "sse4.2")]
unsafe fn _mm_crc32_u8(arg6: u32, arg7: u8) -> u32 {
    let mut __C: u32 = 0;
    let mut __D: u8 = 0;
    let mut __retval: u32 = 0;
    __C = arg6;
    __D = arg7;
    let _v0: u32 = __C;
    let _v1: u8 = __D;
    let _v2: u32 = unsafe { __slate_intrinsic_x86_sse42_crc32_32_8_f27bf8581dad0801(_v0, _v1) };
    __retval = _v2;
    let _v3: u32 = __retval;
    return _v3;
}

#[target_feature(enable = "sse4.2")]
unsafe fn _mm_crc32_u16(arg4: u32, arg5: u16) -> u32 {
    let mut __C: u32 = 0;
    let mut __D: u16 = 0;
    let mut __retval: u32 = 0;
    __C = arg4;
    __D = arg5;
    let _v0: u32 = __C;
    let _v1: u16 = __D;
    let _v2: u32 = unsafe { __slate_intrinsic_x86_sse42_crc32_32_16_658f6bf45a185a4a(_v0, _v1) };
    __retval = _v2;
    let _v3: u32 = __retval;
    return _v3;
}

#[target_feature(enable = "sse4.2")]
unsafe fn _mm_crc32_u32(arg2: u32, arg3: u32) -> u32 {
    let mut __C: u32 = 0;
    let mut __D: u32 = 0;
    let mut __retval: u32 = 0;
    __C = arg2;
    __D = arg3;
    let _v0: u32 = __C;
    let _v1: u32 = __D;
    let _v2: u32 = unsafe { __slate_intrinsic_x86_sse42_crc32_32_32_f5e6b09e791bc818(_v0, _v1) };
    __retval = _v2;
    let _v3: u32 = __retval;
    return _v3;
}

#[target_feature(enable = "sse4.2")]
unsafe fn _mm_crc32_u64(arg0: u64, arg1: u64) -> u64 {
    let mut __C: u64 = 0;
    let mut __D: u64 = 0;
    let mut __retval: u64 = 0;
    __C = arg0;
    __D = arg1;
    let _v0: u64 = __C;
    let _v1: u64 = __D;
    let _v2: u64 = unsafe { __slate_intrinsic_x86_sse42_crc32_64_64_a6b1e708219fb1bb(_v0, _v1) };
    __retval = _v2;
    let _v3: u64 = __retval;
    return _v3;
}

#[target_feature(enable = "popcnt,sse3,sse4.1,sse4.2,ssse3")]
unsafe fn crc32_probe() -> u64 {
    let mut __retval: u64 = 0;
    let mut crc: u32 = 0;
    let _v0: u32 = 0;
    let _v1: u8 = 18;
    let _v2: u32 = unsafe { _mm_crc32_u8(_v0, _v1) };
    crc = _v2;
    let _v3: u32 = crc;
    let _v4: u16 = 13398;
    let _v5: u32 = unsafe { _mm_crc32_u16(_v3, _v4) };
    crc = _v5;
    let _v6: u32 = crc;
    let _v7: u32 = 2023406814;
    let _v8: u32 = unsafe { _mm_crc32_u32(_v6, _v7) };
    crc = _v8;
    let _v9: u32 = crc;
    let _v10: u64 = _v9 as u64;
    let _v11: u64 = 1311768467463790320u64;
    let _v12: u64 = unsafe { _mm_crc32_u64(_v10, _v11) };
    __retval = _v12;
    let _v13: u64 = __retval;
    return _v13;
}

fn main() {
    let mut __retval: i32 = 0;
    let mut auxiliary: u32 = 0;
    let mut first: u64 = 0;
    let mut second: u64 = 0;
    let _v0: i32 = 0;
    __retval = _v0;
    let _v1: u32 = 0;
    auxiliary = _v1;
    unsafe {
        unsafe { __slate_intrinsic_x86_sse2_pause_8e00570d6f1f8c6c() };
    }
    unsafe {
        unsafe { __slate_intrinsic_x86_sse2_lfence_b6f7983e420a3939() };
    }
    let _v2: u64 = unsafe { __slate_intrinsic_x86_rdtsc_319a3f94c908d021() };
    first = _v2;
    unsafe {
        unsafe { __slate_intrinsic_x86_sse2_mfence_bb861e7376322ce() };
    }
    let _v3: anon_struct = unsafe { __slate_intrinsic_x86_rdtscp_a57815630f0a5a97() };
    let _v4: u32 = _v3.__slate_anon_1;
    auxiliary = _v4;
    let _v5: u64 = _v3.__slate_anon_0;
    second = _v5;
    unsafe {
        unsafe { __slate_intrinsic_x86_sse_sfence_f8b270d178b3d220() };
    }
    let _v6: *mut i8 = b"%d %d %llu\n\0".as_ptr() as *mut i8;
    let _v7: u64 = first;
    let _v8: u64 = 0;
    let _v9: bool = _v7 != _v8;
    let _v10: i32 = _v9 as i32;
    let _v11: u64 = second;
    let _v12: u64 = first;
    let _v13: bool = _v11 >= _v12;
    let _v14: i32 = _v13 as i32;
    let _v15: u64 = unsafe { crc32_probe() };
    let _v16: i32 = unsafe { printf(_v6 as *const i8, _v10, _v14, _v15) };
    let _v17: i32 = 0;
    __retval = _v17;
    let _v18: i32 = __retval;
    std::process::exit(_v18 as i32);
}

unsafe extern "unadjusted" {
    #[link_name = "llvm.x86.rdtsc"]
    fn __slate_intrinsic_x86_rdtsc_319a3f94c908d021() -> u64;
    #[link_name = "llvm.x86.rdtscp"]
    fn __slate_intrinsic_x86_rdtscp_a57815630f0a5a97() -> anon_struct;
    #[link_name = "llvm.x86.sse2.lfence"]
    fn __slate_intrinsic_x86_sse2_lfence_b6f7983e420a3939();
    #[link_name = "llvm.x86.sse2.mfence"]
    fn __slate_intrinsic_x86_sse2_mfence_bb861e7376322ce();
    #[link_name = "llvm.x86.sse2.pause"]
    fn __slate_intrinsic_x86_sse2_pause_8e00570d6f1f8c6c();
    #[link_name = "llvm.x86.sse42.crc32.32.16"]
    fn __slate_intrinsic_x86_sse42_crc32_32_16_658f6bf45a185a4a(_0: u32, _1: u16) -> u32;
    #[link_name = "llvm.x86.sse42.crc32.32.32"]
    fn __slate_intrinsic_x86_sse42_crc32_32_32_f5e6b09e791bc818(_0: u32, _1: u32) -> u32;
    #[link_name = "llvm.x86.sse42.crc32.32.8"]
    fn __slate_intrinsic_x86_sse42_crc32_32_8_f27bf8581dad0801(_0: u32, _1: u8) -> u32;
    #[link_name = "llvm.x86.sse42.crc32.64.64"]
    fn __slate_intrinsic_x86_sse42_crc32_64_64_a6b1e708219fb1bb(_0: u64, _1: u64) -> u64;
    #[link_name = "llvm.x86.sse.sfence"]
    fn __slate_intrinsic_x86_sse_sfence_f8b270d178b3d220();
}
